Archive member included to satisfy reference by file (symbol)

c:/st/stm32cubeide_1.0.2/stm32cubeide/plugins/com.st.stm32cube.ide.mcu.externaltools.gnu-tools-for-stm32.7-2018-q2-update.win32_1.0.0.201904181610/tools/bin/../lib/gcc/arm-none-eabi/7.3.1/../../../../arm-none-eabi/lib/thumb/v7e-m/fpv4-sp/hard\libc_nano.a(lib_a-errno.o)
                              Src/syscalls.o (__errno)
c:/st/stm32cubeide_1.0.2/stm32cubeide/plugins/com.st.stm32cube.ide.mcu.externaltools.gnu-tools-for-stm32.7-2018-q2-update.win32_1.0.0.201904181610/tools/bin/../lib/gcc/arm-none-eabi/7.3.1/../../../../arm-none-eabi/lib/thumb/v7e-m/fpv4-sp/hard\libc_nano.a(lib_a-exit.o)
                              c:/st/stm32cubeide_1.0.2/stm32cubeide/plugins/com.st.stm32cube.ide.mcu.externaltools.gnu-tools-for-stm32.7-2018-q2-update.win32_1.0.0.201904181610/tools/bin/../lib/gcc/arm-none-eabi/7.3.1/../../../../arm-none-eabi/lib/thumb/v7e-m/fpv4-sp/hard/crt0.o (exit)
c:/st/stm32cubeide_1.0.2/stm32cubeide/plugins/com.st.stm32cube.ide.mcu.externaltools.gnu-tools-for-stm32.7-2018-q2-update.win32_1.0.0.201904181610/tools/bin/../lib/gcc/arm-none-eabi/7.3.1/../../../../arm-none-eabi/lib/thumb/v7e-m/fpv4-sp/hard\libc_nano.a(lib_a-impure.o)
                              c:/st/stm32cubeide_1.0.2/stm32cubeide/plugins/com.st.stm32cube.ide.mcu.externaltools.gnu-tools-for-stm32.7-2018-q2-update.win32_1.0.0.201904181610/tools/bin/../lib/gcc/arm-none-eabi/7.3.1/../../../../arm-none-eabi/lib/thumb/v7e-m/fpv4-sp/hard\libc_nano.a(lib_a-exit.o) (_global_impure_ptr)
c:/st/stm32cubeide_1.0.2/stm32cubeide/plugins/com.st.stm32cube.ide.mcu.externaltools.gnu-tools-for-stm32.7-2018-q2-update.win32_1.0.0.201904181610/tools/bin/../lib/gcc/arm-none-eabi/7.3.1/../../../../arm-none-eabi/lib/thumb/v7e-m/fpv4-sp/hard\libc_nano.a(lib_a-init.o)
                              c:/st/stm32cubeide_1.0.2/stm32cubeide/plugins/com.st.stm32cube.ide.mcu.externaltools.gnu-tools-for-stm32.7-2018-q2-update.win32_1.0.0.201904181610/tools/bin/../lib/gcc/arm-none-eabi/7.3.1/../../../../arm-none-eabi/lib/thumb/v7e-m/fpv4-sp/hard/crt0.o (__libc_init_array)
c:/st/stm32cubeide_1.0.2/stm32cubeide/plugins/com.st.stm32cube.ide.mcu.externaltools.gnu-tools-for-stm32.7-2018-q2-update.win32_1.0.0.201904181610/tools/bin/../lib/gcc/arm-none-eabi/7.3.1/../../../../arm-none-eabi/lib/thumb/v7e-m/fpv4-sp/hard\libc_nano.a(lib_a-memset.o)
                              c:/st/stm32cubeide_1.0.2/stm32cubeide/plugins/com.st.stm32cube.ide.mcu.externaltools.gnu-tools-for-stm32.7-2018-q2-update.win32_1.0.0.201904181610/tools/bin/../lib/gcc/arm-none-eabi/7.3.1/../../../../arm-none-eabi/lib/thumb/v7e-m/fpv4-sp/hard/crt0.o (memset)

Allocating common symbols
Common symbol       size              file

CanSyncDelay        0x2               Src/main.o
DriverDefaultState  0x1               Src/main.o
TPos                0x4               Src/main.o
ADCRawData          0xc00             Src/main.o
AI6Written          0x4               Src/main.o
canErrors           0x20              Src/main.o
SensorRollingAverages
                    0x8               Src/main.o
hadc2               0x6c              Src/main.o
canSendFlag         0x1               Src/main.o
MeasureTemperature  0x1               Src/main.o
hfdcan              0x64              Src/main.o
CanId_Diagnostics   0x2               Src/main.o
uwTick              0x4               Drivers/STM32G4xx_HAL_Driver/Src/stm32g4xx_hal.o
AI5Pos              0x4               Src/main.o
SendAnalogPeriod    0x2               Src/main.o
driverState         0x1               Src/main.o
canErrorToTransmit  0x1               Src/main.o
AI3Written          0x4               Src/main.o
CanId_Analog        0x2               Src/main.o
hadc1               0x6c              Src/main.o
driverError         0x1               Src/main.o
OverCurrentWarning  0x4               Src/main.o
TransferFunctions   0x4               Src/main.o
ADC1Data            0xc               Src/main.o
hdma_adc1           0x60              Src/main.o
AI3Pos              0x4               Src/main.o
AI6Pos              0x4               Src/main.o
AnalogSensorBytes   0x4               Src/main.o
IWritten            0x4               Src/main.o
htim6               0x40              Src/main.o
IPos                0x4               Src/main.o
MeasureDriverCurrent
                    0x1               Src/main.o
AI5Written          0x4               Src/main.o
AI2Pos              0x4               Src/main.o
TWritten            0x4               Src/main.o
CANTxData           0x8               Src/main.o
canDLC              0x1               Src/main.o
ADC2Data            0xc               Src/main.o
OverCurrentLimit    0x4               Src/main.o
hdma_adc2           0x60              Src/main.o
canSendErrorFlag    0x1               Src/main.o
htim16              0x40              Src/main.o
htim7               0x40              Src/main.o
AI2Written          0x4               Src/main.o

Discarded input sections

[...]
Memory Configuration

Name             Origin             Length             Attributes
RAM              0x0000000020000000 0x0000000000008000 xrw
FLASH            0x0000000008000000 0x0000000000020000 xr
*default*        0x0000000000000000 0xffffffffffffffff

Linker script and memory map

LOAD c:/st/stm32cubeide_1.0.2/stm32cubeide/plugins/com.st.stm32cube.ide.mcu.externaltools.gnu-tools-for-stm32.7-2018-q2-update.win32_1.0.0.201904181610/tools/bin/../lib/gcc/arm-none-eabi/7.3.1/thumb/v7e-m/fpv4-sp/hard/crti.o
LOAD c:/st/stm32cubeide_1.0.2/stm32cubeide/plugins/com.st.stm32cube.ide.mcu.externaltools.gnu-tools-for-stm32.7-2018-q2-update.win32_1.0.0.201904181610/tools/bin/../lib/gcc/arm-none-eabi/7.3.1/thumb/v7e-m/fpv4-sp/hard/crtbegin.o
LOAD c:/st/stm32cubeide_1.0.2/stm32cubeide/plugins/com.st.stm32cube.ide.mcu.externaltools.gnu-tools-for-stm32.7-2018-q2-update.win32_1.0.0.201904181610/tools/bin/../lib/gcc/arm-none-eabi/7.3.1/../../../../arm-none-eabi/lib/thumb/v7e-m/fpv4-sp/hard/crt0.o
LOAD Drivers/STM32G4xx_HAL_Driver/Src/stm32g4xx_hal.o
LOAD Drivers/STM32G4xx_HAL_Driver/Src/stm32g4xx_hal_adc.o
LOAD Drivers/STM32G4xx_HAL_Driver/Src/stm32g4xx_hal_adc_ex.o
LOAD Drivers/STM32G4xx_HAL_Driver/Src/stm32g4xx_hal_cortex.o
LOAD Drivers/STM32G4xx_HAL_Driver/Src/stm32g4xx_hal_dma.o
LOAD Drivers/STM32G4xx_HAL_Driver/Src/stm32g4xx_hal_dma_ex.o
LOAD Drivers/STM32G4xx_HAL_Driver/Src/stm32g4xx_hal_exti.o
LOAD Drivers/STM32G4xx_HAL_Driver/Src/stm32g4xx_hal_fdcan.o
LOAD Drivers/STM32G4xx_HAL_Driver/Src/stm32g4xx_hal_flash.o
LOAD Drivers/STM32G4xx_HAL_Driver/Src/stm32g4xx_hal_flash_ex.o
LOAD Drivers/STM32G4xx_HAL_Driver/Src/stm32g4xx_hal_flash_ramfunc.o
LOAD Drivers/STM32G4xx_HAL_Driver/Src/stm32g4xx_hal_gpio.o
LOAD Drivers/STM32G4xx_HAL_Driver/Src/stm32g4xx_hal_pwr.o
LOAD Drivers/STM32G4xx_HAL_Driver/Src/stm32g4xx_hal_pwr_ex.o
LOAD Drivers/STM32G4xx_HAL_Driver/Src/stm32g4xx_hal_rcc.o
LOAD Drivers/STM32G4xx_HAL_Driver/Src/stm32g4xx_hal_rcc_ex.o
LOAD Drivers/STM32G4xx_HAL_Driver/Src/stm32g4xx_hal_tim.o
LOAD Drivers/STM32G4xx_HAL_Driver/Src/stm32g4xx_hal_tim_ex.o
LOAD Drivers/STM32G4xx_HAL_Driver/Src/stm32g4xx_ll_adc.o
LOAD Drivers/STM32G4xx_HAL_Driver/Src/stm32g4xx_ll_pwr.o
LOAD Src/commands.o
LOAD Src/config.o
LOAD Src/main.o
LOAD Src/stm32g4xx_hal_msp.o
LOAD Src/stm32g4xx_it.o
LOAD Src/syscalls.o
LOAD Src/sysmem.o
LOAD Src/system_stm32g4xx.o
LOAD Src/transfer_functions.o
LOAD Startup/startup_stm32g441kbtx.o
START GROUP
LOAD c:/st/stm32cubeide_1.0.2/stm32cubeide/plugins/com.st.stm32cube.ide.mcu.externaltools.gnu-tools-for-stm32.7-2018-q2-update.win32_1.0.0.201904181610/tools/bin/../lib/gcc/arm-none-eabi/7.3.1/../../../../arm-none-eabi/lib/thumb/v7e-m/fpv4-sp/hard\libc_nano.a
LOAD c:/st/stm32cubeide_1.0.2/stm32cubeide/plugins/com.st.stm32cube.ide.mcu.externaltools.gnu-tools-for-stm32.7-2018-q2-update.win32_1.0.0.201904181610/tools/bin/../lib/gcc/arm-none-eabi/7.3.1/../../../../arm-none-eabi/lib/thumb/v7e-m/fpv4-sp/hard\libm.a
END GROUP
START GROUP
LOAD c:/st/stm32cubeide_1.0.2/stm32cubeide/plugins/com.st.stm32cube.ide.mcu.externaltools.gnu-tools-for-stm32.7-2018-q2-update.win32_1.0.0.201904181610/tools/bin/../lib/gcc/arm-none-eabi/7.3.1/thumb/v7e-m/fpv4-sp/hard\libgcc.a
LOAD c:/st/stm32cubeide_1.0.2/stm32cubeide/plugins/com.st.stm32cube.ide.mcu.externaltools.gnu-tools-for-stm32.7-2018-q2-update.win32_1.0.0.201904181610/tools/bin/../lib/gcc/arm-none-eabi/7.3.1/../../../../arm-none-eabi/lib/thumb/v7e-m/fpv4-sp/hard\libc_nano.a
END GROUP
START GROUP
LOAD c:/st/stm32cubeide_1.0.2/stm32cubeide/plugins/com.st.stm32cube.ide.mcu.externaltools.gnu-tools-for-stm32.7-2018-q2-update.win32_1.0.0.201904181610/tools/bin/../lib/gcc/arm-none-eabi/7.3.1/thumb/v7e-m/fpv4-sp/hard\libgcc.a
LOAD c:/st/stm32cubeide_1.0.2/stm32cubeide/plugins/com.st.stm32cube.ide.mcu.externaltools.gnu-tools-for-stm32.7-2018-q2-update.win32_1.0.0.201904181610/tools/bin/../lib/gcc/arm-none-eabi/7.3.1/../../../../arm-none-eabi/lib/thumb/v7e-m/fpv4-sp/hard\libc_nano.a
LOAD c:/st/stm32cubeide_1.0.2/stm32cubeide/plugins/com.st.stm32cube.ide.mcu.externaltools.gnu-tools-for-stm32.7-2018-q2-update.win32_1.0.0.201904181610/tools/bin/../lib/gcc/arm-none-eabi/7.3.1/../../../../arm-none-eabi/lib/thumb/v7e-m/fpv4-sp/hard\libnosys.a
END GROUP
START GROUP
LOAD c:/st/stm32cubeide_1.0.2/stm32cubeide/plugins/com.st.stm32cube.ide.mcu.externaltools.gnu-tools-for-stm32.7-2018-q2-update.win32_1.0.0.201904181610/tools/bin/../lib/gcc/arm-none-eabi/7.3.1/thumb/v7e-m/fpv4-sp/hard\libgcc.a
LOAD c:/st/stm32cubeide_1.0.2/stm32cubeide/plugins/com.st.stm32cube.ide.mcu.externaltools.gnu-tools-for-stm32.7-2018-q2-update.win32_1.0.0.201904181610/tools/bin/../lib/gcc/arm-none-eabi/7.3.1/../../../../arm-none-eabi/lib/thumb/v7e-m/fpv4-sp/hard\libc_nano.a
LOAD c:/st/stm32cubeide_1.0.2/stm32cubeide/plugins/com.st.stm32cube.ide.mcu.externaltools.gnu-tools-for-stm32.7-2018-q2-update.win32_1.0.0.201904181610/tools/bin/../lib/gcc/arm-none-eabi/7.3.1/../../../../arm-none-eabi/lib/thumb/v7e-m/fpv4-sp/hard\libnosys.a
END GROUP
LOAD c:/st/stm32cubeide_1.0.2/stm32cubeide/plugins/com.st.stm32cube.ide.mcu.externaltools.gnu-tools-for-stm32.7-2018-q2-update.win32_1.0.0.201904181610/tools/bin/../lib/gcc/arm-none-eabi/7.3.1/thumb/v7e-m/fpv4-sp/hard/crtend.o
LOAD c:/st/stm32cubeide_1.0.2/stm32cubeide/plugins/com.st.stm32cube.ide.mcu.externaltools.gnu-tools-for-stm32.7-2018-q2-update.win32_1.0.0.201904181610/tools/bin/../lib/gcc/arm-none-eabi/7.3.1/thumb/v7e-m/fpv4-sp/hard/crtn.o
                0x0000000020008000                _estack = 0x20008000
                0x0000000000000200                _Min_Heap_Size = 0x200
                0x0000000000000400                _Min_Stack_Size = 0x400

.isr_vector     0x0000000008000000      0x1d8
                0x0000000008000000                . = ALIGN (0x4)
 *(.isr_vector)
 .isr_vector    0x0000000008000000      0x1d8 Startup/startup_stm32g441kbtx.o
                0x0000000008000000                g_pfnVectors
                0x00000000080001d8                . = ALIGN (0x4)

.text           0x00000000080001d8     0x72c8
                0x00000000080001d8                . = ALIGN (0x4)
 *(.text)
 .text          0x00000000080001d8       0x40 c:/st/stm32cubeide_1.0.2/stm32cubeide/plugins/com.st.stm32cube.ide.mcu.externaltools.gnu-tools-for-stm32.7-2018-q2-update.win32_1.0.0.201904181610/tools/bin/../lib/gcc/arm-none-eabi/7.3.1/thumb/v7e-m/fpv4-sp/hard/crtbegin.o
 *(.text*)
 .text.HAL_Init
                0x0000000008000218       0x30 Drivers/STM32G4xx_HAL_Driver/Src/stm32g4xx_hal.o
                0x0000000008000218                HAL_Init
 .text.HAL_InitTick
                0x0000000008000248       0x74 Drivers/STM32G4xx_HAL_Driver/Src/stm32g4xx_hal.o
                0x0000000008000248                HAL_InitTick
 .text.HAL_IncTick
                0x00000000080002bc       0x24 Drivers/STM32G4xx_HAL_Driver/Src/stm32g4xx_hal.o
                0x00000000080002bc                HAL_IncTick
 .text.HAL_GetTick
                0x00000000080002e0       0x18 Drivers/STM32G4xx_HAL_Driver/Src/stm32g4xx_hal.o
                0x00000000080002e0                HAL_GetTick
 .text.HAL_Delay
                0x00000000080002f8       0x44 Drivers/STM32G4xx_HAL_Driver/Src/stm32g4xx_hal.o
                0x00000000080002f8                HAL_Delay
 .text.LL_ADC_SetCommonClock
                0x000000000800033c       0x26 Drivers/STM32G4xx_HAL_Driver/Src/stm32g4xx_hal_adc.o
 .text.LL_ADC_SetCommonPathInternalCh
                0x0000000008000362       0x26 Drivers/STM32G4xx_HAL_Driver/Src/stm32g4xx_hal_adc.o
 .text.LL_ADC_GetCommonPathInternalCh
                0x0000000008000388       0x1c Drivers/STM32G4xx_HAL_Driver/Src/stm32g4xx_hal_adc.o
 .text.LL_ADC_SetOffset
                0x00000000080003a4       0x44 Drivers/STM32G4xx_HAL_Driver/Src/stm32g4xx_hal_adc.o
 .text.LL_ADC_GetOffsetChannel
                0x00000000080003e8       0x28 Drivers/STM32G4xx_HAL_Driver/Src/stm32g4xx_hal_adc.o
 .text.LL_ADC_SetOffsetState
                0x0000000008000410       0x30 Drivers/STM32G4xx_HAL_Driver/Src/stm32g4xx_hal_adc.o
 .text.LL_ADC_SetOffsetSign
                0x0000000008000440       0x30 Drivers/STM32G4xx_HAL_Driver/Src/stm32g4xx_hal_adc.o
 .text.LL_ADC_SetOffsetSaturation
                0x0000000008000470       0x30 Drivers/STM32G4xx_HAL_Driver/Src/stm32g4xx_hal_adc.o
 .text.LL_ADC_SetSamplingTimeCommonConfig
                0x00000000080004a0       0x26 Drivers/STM32G4xx_HAL_Driver/Src/stm32g4xx_hal_adc.o
 .text.LL_ADC_REG_IsTriggerSourceSWStart
                0x00000000080004c6       0x26 Drivers/STM32G4xx_HAL_Driver/Src/stm32g4xx_hal_adc.o
 .text.LL_ADC_REG_SetSequencerRanks
                0x00000000080004ec       0x52 Drivers/STM32G4xx_HAL_Driver/Src/stm32g4xx_hal_adc.o
 .text.LL_ADC_SetChannelSamplingTime
                0x000000000800053e       0x50 Drivers/STM32G4xx_HAL_Driver/Src/stm32g4xx_hal_adc.o
 *fill*         0x000000000800058e        0x2 
 .text.LL_ADC_SetChannelSingleDiff
                0x0000000008000590       0x48 Drivers/STM32G4xx_HAL_Driver/Src/stm32g4xx_hal_adc.o
 .text.LL_ADC_GetMultimode
                0x00000000080005d8       0x1c Drivers/STM32G4xx_HAL_Driver/Src/stm32g4xx_hal_adc.o
 .text.LL_ADC_DisableDeepPowerDown
                0x00000000080005f4       0x24 Drivers/STM32G4xx_HAL_Driver/Src/stm32g4xx_hal_adc.o
 .text.LL_ADC_IsDeepPowerDownEnabled
                0x0000000008000618       0x28 Drivers/STM32G4xx_HAL_Driver/Src/stm32g4xx_hal_adc.o
 .text.LL_ADC_EnableInternalRegulator
                0x0000000008000640       0x28 Drivers/STM32G4xx_HAL_Driver/Src/stm32g4xx_hal_adc.o
 .text.LL_ADC_IsInternalRegulatorEnabled
                0x0000000008000668       0x28 Drivers/STM32G4xx_HAL_Driver/Src/stm32g4xx_hal_adc.o
 .text.LL_ADC_Enable
                0x0000000008000690       0x28 Drivers/STM32G4xx_HAL_Driver/Src/stm32g4xx_hal_adc.o
 .text.LL_ADC_Disable
                0x00000000080006b8       0x28 Drivers/STM32G4xx_HAL_Driver/Src/stm32g4xx_hal_adc.o
 .text.LL_ADC_IsEnabled
                0x00000000080006e0       0x26 Drivers/STM32G4xx_HAL_Driver/Src/stm32g4xx_hal_adc.o
 .text.LL_ADC_IsDisableOngoing
                0x0000000008000706       0x26 Drivers/STM32G4xx_HAL_Driver/Src/stm32g4xx_hal_adc.o
 .text.LL_ADC_REG_StartConversion
                0x000000000800072c       0x28 Drivers/STM32G4xx_HAL_Driver/Src/stm32g4xx_hal_adc.o
 .text.LL_ADC_REG_IsConversionOngoing
                0x0000000008000754       0x26 Drivers/STM32G4xx_HAL_Driver/Src/stm32g4xx_hal_adc.o
 .text.LL_ADC_INJ_IsConversionOngoing
                0x000000000800077a       0x26 Drivers/STM32G4xx_HAL_Driver/Src/stm32g4xx_hal_adc.o
 .text.HAL_ADC_Init
                0x00000000080007a0      0x310 Drivers/STM32G4xx_HAL_Driver/Src/stm32g4xx_hal_adc.o
                0x00000000080007a0                HAL_ADC_Init
 .text.HAL_ADC_Start_DMA
                0x0000000008000ab0      0x168 Drivers/STM32G4xx_HAL_Driver/Src/stm32g4xx_hal_adc.o
                0x0000000008000ab0                HAL_ADC_Start_DMA
 .text.HAL_ADC_ConvHalfCpltCallback
                0x0000000008000c18       0x14 Drivers/STM32G4xx_HAL_Driver/Src/stm32g4xx_hal_adc.o
                0x0000000008000c18                HAL_ADC_ConvHalfCpltCallback
 .text.HAL_ADC_ErrorCallback
                0x0000000008000c2c       0x14 Drivers/STM32G4xx_HAL_Driver/Src/stm32g4xx_hal_adc.o
                0x0000000008000c2c                HAL_ADC_ErrorCallback
 .text.HAL_ADC_ConfigChannel
                0x0000000008000c40      0x6c8 Drivers/STM32G4xx_HAL_Driver/Src/stm32g4xx_hal_adc.o
                0x0000000008000c40                HAL_ADC_ConfigChannel
 .text.ADC_Enable
                0x0000000008001308       0xb4 Drivers/STM32G4xx_HAL_Driver/Src/stm32g4xx_hal_adc.o
                0x0000000008001308                ADC_Enable
 .text.ADC_Disable
                0x00000000080013bc       0xb0 Drivers/STM32G4xx_HAL_Driver/Src/stm32g4xx_hal_adc.o
                0x00000000080013bc                ADC_Disable
 .text.ADC_DMAConvCplt
                0x000000000800146c       0xd8 Drivers/STM32G4xx_HAL_Driver/Src/stm32g4xx_hal_adc.o
                0x000000000800146c                ADC_DMAConvCplt
 .text.ADC_DMAHalfConvCplt
                0x0000000008001544       0x1c Drivers/STM32G4xx_HAL_Driver/Src/stm32g4xx_hal_adc.o
                0x0000000008001544                ADC_DMAHalfConvCplt
 .text.ADC_DMAError
                0x0000000008001560       0x34 Drivers/STM32G4xx_HAL_Driver/Src/stm32g4xx_hal_adc.o
                0x0000000008001560                ADC_DMAError
 .text.LL_ADC_IsEnabled
                0x0000000008001594       0x26 Drivers/STM32G4xx_HAL_Driver/Src/stm32g4xx_hal_adc_ex.o
 .text.LL_ADC_StartCalibration
                0x00000000080015ba       0x32 Drivers/STM32G4xx_HAL_Driver/Src/stm32g4xx_hal_adc_ex.o
 .text.LL_ADC_IsCalibrationOnGoing
                0x00000000080015ec       0x28 Drivers/STM32G4xx_HAL_Driver/Src/stm32g4xx_hal_adc_ex.o
 .text.LL_ADC_REG_IsConversionOngoing
                0x0000000008001614       0x26 Drivers/STM32G4xx_HAL_Driver/Src/stm32g4xx_hal_adc_ex.o
 *fill*         0x000000000800163a        0x2 
 .text.HAL_ADCEx_Calibration_Start
                0x000000000800163c       0xc4 Drivers/STM32G4xx_HAL_Driver/Src/stm32g4xx_hal_adc_ex.o
                0x000000000800163c                HAL_ADCEx_Calibration_Start
 .text.HAL_ADCEx_MultiModeConfigChannel
                0x0000000008001700      0x140 Drivers/STM32G4xx_HAL_Driver/Src/stm32g4xx_hal_adc_ex.o
                0x0000000008001700                HAL_ADCEx_MultiModeConfigChannel
 .text.__NVIC_SetPriorityGrouping
                0x0000000008001840       0x48 Drivers/STM32G4xx_HAL_Driver/Src/stm32g4xx_hal_cortex.o
 .text.__NVIC_GetPriorityGrouping
                0x0000000008001888       0x1c Drivers/STM32G4xx_HAL_Driver/Src/stm32g4xx_hal_cortex.o
 .text.__NVIC_EnableIRQ
                0x00000000080018a4       0x3c Drivers/STM32G4xx_HAL_Driver/Src/stm32g4xx_hal_cortex.o
 .text.__NVIC_SetPriority
                0x00000000080018e0       0x54 Drivers/STM32G4xx_HAL_Driver/Src/stm32g4xx_hal_cortex.o
 .text.NVIC_EncodePriority
                0x0000000008001934       0x66 Drivers/STM32G4xx_HAL_Driver/Src/stm32g4xx_hal_cortex.o
 *fill*         0x000000000800199a        0x2 
 .text.SysTick_Config
                0x000000000800199c       0x44 Drivers/STM32G4xx_HAL_Driver/Src/stm32g4xx_hal_cortex.o
 .text.HAL_NVIC_SetPriorityGrouping
                0x00000000080019e0       0x16 Drivers/STM32G4xx_HAL_Driver/Src/stm32g4xx_hal_cortex.o
                0x00000000080019e0                HAL_NVIC_SetPriorityGrouping
 .text.HAL_NVIC_SetPriority
                0x00000000080019f6       0x34 Drivers/STM32G4xx_HAL_Driver/Src/stm32g4xx_hal_cortex.o
                0x00000000080019f6                HAL_NVIC_SetPriority
 .text.HAL_NVIC_EnableIRQ
                0x0000000008001a2a       0x1c Drivers/STM32G4xx_HAL_Driver/Src/stm32g4xx_hal_cortex.o
                0x0000000008001a2a                HAL_NVIC_EnableIRQ
 .text.HAL_SYSTICK_Config
                0x0000000008001a46       0x18 Drivers/STM32G4xx_HAL_Driver/Src/stm32g4xx_hal_cortex.o
                0x0000000008001a46                HAL_SYSTICK_Config
 *fill*         0x0000000008001a5e        0x2 
 .text.HAL_DMA_Init
                0x0000000008001a60      0x150 Drivers/STM32G4xx_HAL_Driver/Src/stm32g4xx_hal_dma.o
                0x0000000008001a60                HAL_DMA_Init
 .text.HAL_DMA_Start_IT
                0x0000000008001bb0       0xf6 Drivers/STM32G4xx_HAL_Driver/Src/stm32g4xx_hal_dma.o
                0x0000000008001bb0                HAL_DMA_Start_IT
 .text.HAL_DMA_IRQHandler
                0x0000000008001ca6      0x15e Drivers/STM32G4xx_HAL_Driver/Src/stm32g4xx_hal_dma.o
                0x0000000008001ca6                HAL_DMA_IRQHandler
 .text.DMA_SetConfig
                0x0000000008001e04       0x7c Drivers/STM32G4xx_HAL_Driver/Src/stm32g4xx_hal_dma.o
 .text.DMA_CalcDMAMUXChannelBaseAndMask
                0x0000000008001e80       0x7c Drivers/STM32G4xx_HAL_Driver/Src/stm32g4xx_hal_dma.o
 .text.DMA_CalcDMAMUXRequestGenBaseAndMask
                0x0000000008001efc       0x48 Drivers/STM32G4xx_HAL_Driver/Src/stm32g4xx_hal_dma.o
 .text.HAL_FDCAN_Init
                0x0000000008001f44      0x2b4 Drivers/STM32G4xx_HAL_Driver/Src/stm32g4xx_hal_fdcan.o
                0x0000000008001f44                HAL_FDCAN_Init
 .text.HAL_FDCAN_ConfigFilter
                0x00000000080021f8       0xb4 Drivers/STM32G4xx_HAL_Driver/Src/stm32g4xx_hal_fdcan.o
                0x00000000080021f8                HAL_FDCAN_ConfigFilter
 .text.HAL_FDCAN_ConfigGlobalFilter
                0x00000000080022ac       0x62 Drivers/STM32G4xx_HAL_Driver/Src/stm32g4xx_hal_fdcan.o
                0x00000000080022ac                HAL_FDCAN_ConfigGlobalFilter
 .text.HAL_FDCAN_ConfigRxFifoOverwrite
                0x000000000800230e       0x72 Drivers/STM32G4xx_HAL_Driver/Src/stm32g4xx_hal_fdcan.o
                0x000000000800230e                HAL_FDCAN_ConfigRxFifoOverwrite
 .text.HAL_FDCAN_Start
                0x0000000008002380       0x50 Drivers/STM32G4xx_HAL_Driver/Src/stm32g4xx_hal_fdcan.o
                0x0000000008002380                HAL_FDCAN_Start
 .text.HAL_FDCAN_AddMessageToTxFifoQ
                0x00000000080023d0       0x88 Drivers/STM32G4xx_HAL_Driver/Src/stm32g4xx_hal_fdcan.o
                0x00000000080023d0                HAL_FDCAN_AddMessageToTxFifoQ
 .text.HAL_FDCAN_GetRxMessage
                0x0000000008002458      0x1b4 Drivers/STM32G4xx_HAL_Driver/Src/stm32g4xx_hal_fdcan.o
                0x0000000008002458                HAL_FDCAN_GetRxMessage
 .text.HAL_FDCAN_GetTxFifoFreeLevel
                0x000000000800260c       0x24 Drivers/STM32G4xx_HAL_Driver/Src/stm32g4xx_hal_fdcan.o
                0x000000000800260c                HAL_FDCAN_GetTxFifoFreeLevel
 .text.HAL_FDCAN_ActivateNotification
                0x0000000008002630      0x1cc Drivers/STM32G4xx_HAL_Driver/Src/stm32g4xx_hal_fdcan.o
                0x0000000008002630                HAL_FDCAN_ActivateNotification
 .text.HAL_FDCAN_IRQHandler
                0x00000000080027fc      0x272 Drivers/STM32G4xx_HAL_Driver/Src/stm32g4xx_hal_fdcan.o
                0x00000000080027fc                HAL_FDCAN_IRQHandler
 .text.HAL_FDCAN_TxEventFifoCallback
                0x0000000008002a6e       0x16 Drivers/STM32G4xx_HAL_Driver/Src/stm32g4xx_hal_fdcan.o
                0x0000000008002a6e                HAL_FDCAN_TxEventFifoCallback
 .text.HAL_FDCAN_RxFifo1Callback
                0x0000000008002a84       0x16 Drivers/STM32G4xx_HAL_Driver/Src/stm32g4xx_hal_fdcan.o
                0x0000000008002a84                HAL_FDCAN_RxFifo1Callback
 .text.HAL_FDCAN_TxFifoEmptyCallback
                0x0000000008002a9a       0x14 Drivers/STM32G4xx_HAL_Driver/Src/stm32g4xx_hal_fdcan.o
                0x0000000008002a9a                HAL_FDCAN_TxFifoEmptyCallback
 .text.HAL_FDCAN_TxBufferCompleteCallback
                0x0000000008002aae       0x16 Drivers/STM32G4xx_HAL_Driver/Src/stm32g4xx_hal_fdcan.o
                0x0000000008002aae                HAL_FDCAN_TxBufferCompleteCallback
 .text.HAL_FDCAN_TxBufferAbortCallback
                0x0000000008002ac4       0x16 Drivers/STM32G4xx_HAL_Driver/Src/stm32g4xx_hal_fdcan.o
                0x0000000008002ac4                HAL_FDCAN_TxBufferAbortCallback
 .text.HAL_FDCAN_TimestampWraparoundCallback
                0x0000000008002ada       0x14 Drivers/STM32G4xx_HAL_Driver/Src/stm32g4xx_hal_fdcan.o
                0x0000000008002ada                HAL_FDCAN_TimestampWraparoundCallback
 .text.HAL_FDCAN_TimeoutOccurredCallback
                0x0000000008002aee       0x14 Drivers/STM32G4xx_HAL_Driver/Src/stm32g4xx_hal_fdcan.o
                0x0000000008002aee                HAL_FDCAN_TimeoutOccurredCallback
 .text.HAL_FDCAN_HighPriorityMessageCallback
                0x0000000008002b02       0x14 Drivers/STM32G4xx_HAL_Driver/Src/stm32g4xx_hal_fdcan.o
                0x0000000008002b02                HAL_FDCAN_HighPriorityMessageCallback
 .text.HAL_FDCAN_ErrorCallback
                0x0000000008002b16       0x14 Drivers/STM32G4xx_HAL_Driver/Src/stm32g4xx_hal_fdcan.o
                0x0000000008002b16                HAL_FDCAN_ErrorCallback
 .text.HAL_FDCAN_ErrorStatusCallback
                0x0000000008002b2a       0x16 Drivers/STM32G4xx_HAL_Driver/Src/stm32g4xx_hal_fdcan.o
                0x0000000008002b2a                HAL_FDCAN_ErrorStatusCallback
 .text.FDCAN_CalcultateRamBlockAddresses
                0x0000000008002b40       0xac Drivers/STM32G4xx_HAL_Driver/Src/stm32g4xx_hal_fdcan.o
 .text.FDCAN_CopyMessageToRAM
                0x0000000008002bec       0xf8 Drivers/STM32G4xx_HAL_Driver/Src/stm32g4xx_hal_fdcan.o
 .text.HAL_FLASH_Program
                0x0000000008002ce4       0xac Drivers/STM32G4xx_HAL_Driver/Src/stm32g4xx_hal_flash.o
                0x0000000008002ce4                HAL_FLASH_Program
 .text.HAL_FLASH_Unlock
                0x0000000008002d90       0x44 Drivers/STM32G4xx_HAL_Driver/Src/stm32g4xx_hal_flash.o
                0x0000000008002d90                HAL_FLASH_Unlock
 .text.HAL_FLASH_Lock
                0x0000000008002dd4       0x34 Drivers/STM32G4xx_HAL_Driver/Src/stm32g4xx_hal_flash.o
                0x0000000008002dd4                HAL_FLASH_Lock
 .text.FLASH_WaitForLastOperation
                0x0000000008002e08       0xa8 Drivers/STM32G4xx_HAL_Driver/Src/stm32g4xx_hal_flash.o
                0x0000000008002e08                FLASH_WaitForLastOperation
 .text.FLASH_Program_DoubleWord
                0x0000000008002eb0       0x48 Drivers/STM32G4xx_HAL_Driver/Src/stm32g4xx_hal_flash.o
 .text.FLASH_Program_Fast
                0x0000000008002ef8       0x68 Drivers/STM32G4xx_HAL_Driver/Src/stm32g4xx_hal_flash.o
 .text.HAL_FLASHEx_Erase
                0x0000000008002f60      0x13c Drivers/STM32G4xx_HAL_Driver/Src/stm32g4xx_hal_flash_ex.o
                0x0000000008002f60                HAL_FLASHEx_Erase
 .text.FLASH_MassErase
                0x000000000800309c       0x3c Drivers/STM32G4xx_HAL_Driver/Src/stm32g4xx_hal_flash_ex.o
 .text.FLASH_PageErase
                0x00000000080030d8       0x48 Drivers/STM32G4xx_HAL_Driver/Src/stm32g4xx_hal_flash_ex.o
                0x00000000080030d8                FLASH_PageErase
 .text.FLASH_FlushCaches
                0x0000000008003120       0x88 Drivers/STM32G4xx_HAL_Driver/Src/stm32g4xx_hal_flash_ex.o
                0x0000000008003120                FLASH_FlushCaches
 .text.HAL_GPIO_Init
                0x00000000080031a8      0x304 Drivers/STM32G4xx_HAL_Driver/Src/stm32g4xx_hal_gpio.o
                0x00000000080031a8                HAL_GPIO_Init
 .text.HAL_GPIO_WritePin
                0x00000000080034ac       0x30 Drivers/STM32G4xx_HAL_Driver/Src/stm32g4xx_hal_gpio.o
                0x00000000080034ac                HAL_GPIO_WritePin
 .text.HAL_GPIO_TogglePin
                0x00000000080034dc       0x32 Drivers/STM32G4xx_HAL_Driver/Src/stm32g4xx_hal_gpio.o
                0x00000000080034dc                HAL_GPIO_TogglePin
 *fill*         0x000000000800350e        0x2 
 .text.HAL_PWREx_ControlVoltageScaling
                0x0000000008003510      0x148 Drivers/STM32G4xx_HAL_Driver/Src/stm32g4xx_hal_pwr_ex.o
                0x0000000008003510                HAL_PWREx_ControlVoltageScaling
 .text.HAL_RCC_OscConfig
                0x0000000008003658      0x630 Drivers/STM32G4xx_HAL_Driver/Src/stm32g4xx_hal_rcc.o
                0x0000000008003658                HAL_RCC_OscConfig
 .text.HAL_RCC_ClockConfig
                0x0000000008003c88      0x278 Drivers/STM32G4xx_HAL_Driver/Src/stm32g4xx_hal_rcc.o
                0x0000000008003c88                HAL_RCC_ClockConfig
 .text.HAL_RCC_GetSysClockFreq
                0x0000000008003f00       0xc4 Drivers/STM32G4xx_HAL_Driver/Src/stm32g4xx_hal_rcc.o
                0x0000000008003f00                HAL_RCC_GetSysClockFreq
 .text.RCC_GetSysClockFreqFromPLLSource
                0x0000000008003fc4       0x8c Drivers/STM32G4xx_HAL_Driver/Src/stm32g4xx_hal_rcc.o
 .text.HAL_RCCEx_PeriphCLKConfig
                0x0000000008004050      0x3e0 Drivers/STM32G4xx_HAL_Driver/Src/stm32g4xx_hal_rcc_ex.o
                0x0000000008004050                HAL_RCCEx_PeriphCLKConfig
 .text.HAL_TIM_Base_Init
                0x0000000008004430       0x56 Drivers/STM32G4xx_HAL_Driver/Src/stm32g4xx_hal_tim.o
                0x0000000008004430                HAL_TIM_Base_Init
 *fill*         0x0000000008004486        0x2 
 .text.HAL_TIM_Base_Start_IT
                0x0000000008004488       0x54 Drivers/STM32G4xx_HAL_Driver/Src/stm32g4xx_hal_tim.o
                0x0000000008004488                HAL_TIM_Base_Start_IT
 .text.HAL_TIM_Base_Stop_IT
                0x00000000080044dc       0x56 Drivers/STM32G4xx_HAL_Driver/Src/stm32g4xx_hal_tim.o
                0x00000000080044dc                HAL_TIM_Base_Stop_IT
 .text.HAL_TIM_IRQHandler
                0x0000000008004532      0x2fe Drivers/STM32G4xx_HAL_Driver/Src/stm32g4xx_hal_tim.o
                0x0000000008004532                HAL_TIM_IRQHandler
 .text.HAL_TIM_OC_DelayElapsedCallback
                0x0000000008004830       0x14 Drivers/STM32G4xx_HAL_Driver/Src/stm32g4xx_hal_tim.o
                0x0000000008004830                HAL_TIM_OC_DelayElapsedCallback
 .text.HAL_TIM_IC_CaptureCallback
                0x0000000008004844       0x14 Drivers/STM32G4xx_HAL_Driver/Src/stm32g4xx_hal_tim.o
                0x0000000008004844                HAL_TIM_IC_CaptureCallback
 .text.HAL_TIM_PWM_PulseFinishedCallback
                0x0000000008004858       0x14 Drivers/STM32G4xx_HAL_Driver/Src/stm32g4xx_hal_tim.o
                0x0000000008004858                HAL_TIM_PWM_PulseFinishedCallback
 .text.HAL_TIM_TriggerCallback
                0x000000000800486c       0x14 Drivers/STM32G4xx_HAL_Driver/Src/stm32g4xx_hal_tim.o
                0x000000000800486c                HAL_TIM_TriggerCallback
 .text.TIM_Base_SetConfig
                0x0000000008004880      0x120 Drivers/STM32G4xx_HAL_Driver/Src/stm32g4xx_hal_tim.o
                0x0000000008004880                TIM_Base_SetConfig
 .text.HAL_TIMEx_CommutCallback
                0x00000000080049a0       0x14 Drivers/STM32G4xx_HAL_Driver/Src/stm32g4xx_hal_tim_ex.o
                0x00000000080049a0                HAL_TIMEx_CommutCallback
 .text.HAL_TIMEx_BreakCallback
                0x00000000080049b4       0x14 Drivers/STM32G4xx_HAL_Driver/Src/stm32g4xx_hal_tim_ex.o
                0x00000000080049b4                HAL_TIMEx_BreakCallback
 .text.HAL_TIMEx_Break2Callback
                0x00000000080049c8       0x14 Drivers/STM32G4xx_HAL_Driver/Src/stm32g4xx_hal_tim_ex.o
                0x00000000080049c8                HAL_TIMEx_Break2Callback
 .text.HAL_TIMEx_EncoderIndexCallback
                0x00000000080049dc       0x14 Drivers/STM32G4xx_HAL_Driver/Src/stm32g4xx_hal_tim_ex.o
                0x00000000080049dc                HAL_TIMEx_EncoderIndexCallback
 .text.HAL_TIMEx_DirectionChangeCallback
                0x00000000080049f0       0x14 Drivers/STM32G4xx_HAL_Driver/Src/stm32g4xx_hal_tim_ex.o
                0x00000000080049f0                HAL_TIMEx_DirectionChangeCallback
 .text.HAL_TIMEx_IndexErrorCallback
                0x0000000008004a04       0x14 Drivers/STM32G4xx_HAL_Driver/Src/stm32g4xx_hal_tim_ex.o
                0x0000000008004a04                HAL_TIMEx_IndexErrorCallback
 .text.HAL_TIMEx_TransitionErrorCallback
                0x0000000008004a18       0x14 Drivers/STM32G4xx_HAL_Driver/Src/stm32g4xx_hal_tim_ex.o
                0x0000000008004a18                HAL_TIMEx_TransitionErrorCallback
 .text.Acknowledge
                0x0000000008004a2c       0xf8 Src/commands.o
                0x0000000008004a2c                Acknowledge
 .text.Save_Config
                0x0000000008004b24       0x16 Src/commands.o
                0x0000000008004b24                Save_Config
 .text.Diagnose_Can
                0x0000000008004b3a        0xc Src/commands.o
                0x0000000008004b3a                Diagnose_Can
 *fill*         0x0000000008004b46        0x2 
 .text.Switch_Driver
                0x0000000008004b48       0x40 Src/commands.o
                0x0000000008004b48                Switch_Driver
 .text.Clear_Error
                0x0000000008004b88       0x18 Src/commands.o
                0x0000000008004b88                Clear_Error
 .text.Config_Measurements
                0x0000000008004ba0       0x60 Src/commands.o
                0x0000000008004ba0                Config_Measurements
 .text.Config_Rolling_Averages
                0x0000000008004c00       0x5c Src/commands.o
                0x0000000008004c00                Config_Rolling_Averages
 .text.Config_Transfer_Functions
                0x0000000008004c5c       0x5c Src/commands.o
                0x0000000008004c5c                Config_Transfer_Functions
 .text.Config_Sensor_Bytes
                0x0000000008004cb8       0x5c Src/commands.o
                0x0000000008004cb8                Config_Sensor_Bytes
 .text.Config_Analog_ID
                0x0000000008004d14       0x34 Src/commands.o
                0x0000000008004d14                Config_Analog_ID
 .text.Config_Diagnostics_ID
                0x0000000008004d48       0x34 Src/commands.o
                0x0000000008004d48                Config_Diagnostics_ID
 .text.Config_Send_Period
                0x0000000008004d7c       0x38 Src/commands.o
                0x0000000008004d7c                Config_Send_Period
 .text.Config_Sync_Delay
                0x0000000008004db4       0x38 Src/commands.o
                0x0000000008004db4                Config_Sync_Delay
 .text.Config_Default_Driver_State
                0x0000000008004dec       0x24 Src/commands.o
                0x0000000008004dec                Config_Default_Driver_State
 .text.Config_Warn_Current
                0x0000000008004e10       0x30 Src/commands.o
                0x0000000008004e10                Config_Warn_Current
 .text.Config_Limit_Current
                0x0000000008004e40       0x30 Src/commands.o
                0x0000000008004e40                Config_Limit_Current
 .text.Config_Setup
                0x0000000008004e70       0x28 Src/config.o
                0x0000000008004e70                Config_Setup
 .text.Config_9
                0x0000000008004e98       0xc4 Src/config.o
                0x0000000008004e98                Config_9
 .text.Config_Write_Flash
                0x0000000008004f5c      0x130 Src/config.o
                0x0000000008004f5c                Config_Write_Flash
 .text.Config_Read_Flash
                0x000000000800508c      0x158 Src/config.o
                0x000000000800508c                Config_Read_Flash
 .text.Flash_Write
                0x00000000080051e4      0x12c Src/config.o
                0x00000000080051e4                Flash_Write
 .text.Flash_Read
                0x0000000008005310       0x18 Src/config.o
                0x0000000008005310                Flash_Read
 .text.main     0x0000000008005328       0xb4 Src/main.o
                0x0000000008005328                main
 .text.HAL_FDCAN_RxFifo0Callback
                0x00000000080053dc      0x4a8 Src/main.o
                0x00000000080053dc                HAL_FDCAN_RxFifo0Callback
 .text.HAL_TIM_PeriodElapsedCallback
                0x0000000008005884       0x7c Src/main.o
                0x0000000008005884                HAL_TIM_PeriodElapsedCallback
 .text.HAL_ADC_ConvCpltCallback
                0x0000000008005900      0x2c0 Src/main.o
                0x0000000008005900                HAL_ADC_ConvCpltCallback
 .text.Can_Send_Analog
                0x0000000008005bc0      0x20c Src/main.o
                0x0000000008005bc0                Can_Send_Analog
 .text.Can_Send_Diagnostics
                0x0000000008005dcc      0x1f0 Src/main.o
                0x0000000008005dcc                Can_Send_Diagnostics
 .text.Set_Error
                0x0000000008005fbc       0x58 Src/main.o
                0x0000000008005fbc                Set_Error
 .text.Send_Error
                0x0000000008006014      0x104 Src/main.o
                0x0000000008006014                Send_Error
 .text.SystemClock_Config
                0x0000000008006118       0xcc Src/main.o
                0x0000000008006118                SystemClock_Config
 .text.MX_GPIO_Init
                0x00000000080061e4       0x98 Src/main.o
 .text.MX_DMA_Init
                0x000000000800627c       0x64 Src/main.o
 .text.MX_ADC1_Init
                0x00000000080062e0      0x16c Src/main.o
 .text.MX_ADC2_Init
                0x000000000800644c      0x13c Src/main.o
 .text.MX_FDCAN_Init
                0x0000000008006588      0x158 Src/main.o
 .text.MX_TIM6_Init
                0x00000000080066e0       0x58 Src/main.o
 .text.MX_TIM7_Init
                0x0000000008006738       0x48 Src/main.o
 .text.MX_TIM16_Init
                0x0000000008006780       0x50 Src/main.o
 .text.Error_Handler
                0x00000000080067d0       0x18 Src/main.o
                0x00000000080067d0                Error_Handler
 .text.LL_PWR_DisableDeadBatteryPD
                0x00000000080067e8       0x20 Src/stm32g4xx_hal_msp.o
 .text.HAL_MspInit
                0x0000000008006808       0x48 Src/stm32g4xx_hal_msp.o
                0x0000000008006808                HAL_MspInit
 .text.HAL_ADC_MspInit
                0x0000000008006850      0x1bc Src/stm32g4xx_hal_msp.o
                0x0000000008006850                HAL_ADC_MspInit
 .text.HAL_FDCAN_MspInit
                0x0000000008006a0c       0x98 Src/stm32g4xx_hal_msp.o
                0x0000000008006a0c                HAL_FDCAN_MspInit
 .text.HAL_TIM_Base_MspInit
                0x0000000008006aa4       0xbc Src/stm32g4xx_hal_msp.o
                0x0000000008006aa4                HAL_TIM_Base_MspInit
 .text.DMA1_Channel1_IRQHandler
                0x0000000008006b60       0x14 Src/stm32g4xx_it.o
                0x0000000008006b60                DMA1_Channel1_IRQHandler
 .text.DMA1_Channel2_IRQHandler
                0x0000000008006b74       0x14 Src/stm32g4xx_it.o
                0x0000000008006b74                DMA1_Channel2_IRQHandler
 .text.FDCAN1_IT0_IRQHandler
                0x0000000008006b88       0x14 Src/stm32g4xx_it.o
                0x0000000008006b88                FDCAN1_IT0_IRQHandler
 .text.TIM6_DAC_IRQHandler
                0x0000000008006b9c       0x14 Src/stm32g4xx_it.o
                0x0000000008006b9c                TIM6_DAC_IRQHandler
 .text.TIM7_IRQHandler
                0x0000000008006bb0       0x14 Src/stm32g4xx_it.o
                0x0000000008006bb0                TIM7_IRQHandler
 .text.TIM1_UP_TIM16_IRQHandler
                0x0000000008006bc4       0x14 Src/stm32g4xx_it.o
                0x0000000008006bc4                TIM1_UP_TIM16_IRQHandler
 .text.NMI_Handler
                0x0000000008006bd8        0xe Src/stm32g4xx_it.o
                0x0000000008006bd8                NMI_Handler
 .text.HardFault_Handler
                0x0000000008006be6        0x6 Src/stm32g4xx_it.o
                0x0000000008006be6                HardFault_Handler
 .text.MemManage_Handler
                0x0000000008006bec        0x6 Src/stm32g4xx_it.o
                0x0000000008006bec                MemManage_Handler
 .text.BusFault_Handler
                0x0000000008006bf2        0x6 Src/stm32g4xx_it.o
                0x0000000008006bf2                BusFault_Handler
 .text.UsageFault_Handler
                0x0000000008006bf8        0x6 Src/stm32g4xx_it.o
                0x0000000008006bf8                UsageFault_Handler
 .text.SVC_Handler
                0x0000000008006bfe        0xe Src/stm32g4xx_it.o
                0x0000000008006bfe                SVC_Handler
 .text.DebugMon_Handler
                0x0000000008006c0c        0xe Src/stm32g4xx_it.o
                0x0000000008006c0c                DebugMon_Handler
 .text.PendSV_Handler
                0x0000000008006c1a        0xe Src/stm32g4xx_it.o
                0x0000000008006c1a                PendSV_Handler
 .text.SysTick_Handler
                0x0000000008006c28        0xc Src/stm32g4xx_it.o
                0x0000000008006c28                SysTick_Handler
 .text.SystemInit
                0x0000000008006c34       0x2c Src/system_stm32g4xx.o
                0x0000000008006c34                SystemInit
 .text.TF_Select
                0x0000000008006c60      0x128 Src/transfer_functions.o
                0x0000000008006c60                TF_Select
 .text.TF_Raw   0x0000000008006d88       0x3e Src/transfer_functions.o
                0x0000000008006d88                TF_Raw
 *fill*         0x0000000008006dc6        0x2 
 .text.TF_Voltage
                0x0000000008006dc8      0x304 Src/transfer_functions.o
                0x0000000008006dc8                TF_Voltage
 .text.TF_NTC   0x00000000080070cc       0x5c Src/transfer_functions.o
                0x00000000080070cc                TF_NTC
 .text.TF_I_Transducer
                0x0000000008007128      0x110 Src/transfer_functions.o
                0x0000000008007128                TF_I_Transducer
 .text.LUT      0x0000000008007238      0x1a4 Src/transfer_functions.o
                0x0000000008007238                LUT
 .text.Reset_Handler
                0x00000000080073dc       0x50 Startup/startup_stm32g441kbtx.o
                0x00000000080073dc                Reset_Handler
 .text.Default_Handler
                0x000000000800742c        0x2 Startup/startup_stm32g441kbtx.o
                0x000000000800742c                RTC_Alarm_IRQHandler
                0x000000000800742c                EXTI2_IRQHandler
                0x000000000800742c                TIM8_TRG_COM_IRQHandler
                0x000000000800742c                TIM8_CC_IRQHandler
                0x000000000800742c                TIM1_CC_IRQHandler
                0x000000000800742c                USB_HP_IRQHandler
                0x000000000800742c                CORDIC_IRQHandler
                0x000000000800742c                EXTI3_IRQHandler
                0x000000000800742c                I2C3_ER_IRQHandler
                0x000000000800742c                EXTI0_IRQHandler
                0x000000000800742c                I2C2_EV_IRQHandler
                0x000000000800742c                FPU_IRQHandler
                0x000000000800742c                FDCAN1_IT1_IRQHandler
                0x000000000800742c                ADC1_2_IRQHandler
                0x000000000800742c                SPI1_IRQHandler
                0x000000000800742c                TIM8_UP_IRQHandler
                0x000000000800742c                DMA2_Channel2_IRQHandler
                0x000000000800742c                DMA1_Channel4_IRQHandler
                0x000000000800742c                USART3_IRQHandler
                0x000000000800742c                TIM4_IRQHandler
                0x000000000800742c                DMA2_Channel1_IRQHandler
                0x000000000800742c                I2C1_EV_IRQHandler
                0x000000000800742c                DMA1_Channel6_IRQHandler
                0x000000000800742c                UART4_IRQHandler
                0x000000000800742c                DMA2_Channel4_IRQHandler
                0x000000000800742c                TIM3_IRQHandler
                0x000000000800742c                RCC_IRQHandler
                0x000000000800742c                Default_Handler
                0x000000000800742c                RTC_TAMP_LSECSS_IRQHandler
                0x000000000800742c                FMAC_IRQHandler
                0x000000000800742c                EXTI15_10_IRQHandler
                0x000000000800742c                UCPD1_IRQHandler
                0x000000000800742c                I2C3_EV_IRQHandler
                0x000000000800742c                EXTI9_5_IRQHandler
                0x000000000800742c                RTC_WKUP_IRQHandler
                0x000000000800742c                PVD_PVM_IRQHandler
                0x000000000800742c                SPI2_IRQHandler
                0x000000000800742c                DMA2_Channel5_IRQHandler
                0x000000000800742c                CRS_IRQHandler
                0x000000000800742c                DMA1_Channel5_IRQHandler
                0x000000000800742c                USB_LP_IRQHandler
                0x000000000800742c                EXTI4_IRQHandler
                0x000000000800742c                RNG_IRQHandler
                0x000000000800742c                TIM1_TRG_COM_TIM17_IRQHandler
                0x000000000800742c                DMA1_Channel3_IRQHandler
                0x000000000800742c                WWDG_IRQHandler
                0x000000000800742c                LPUART1_IRQHandler
                0x000000000800742c                DMA2_Channel6_IRQHandler
                0x000000000800742c                TIM2_IRQHandler
                0x000000000800742c                COMP1_2_3_IRQHandler
                0x000000000800742c                EXTI1_IRQHandler
                0x000000000800742c                AES_IRQHandler
                0x000000000800742c                USART2_IRQHandler
                0x000000000800742c                I2C2_ER_IRQHandler
                0x000000000800742c                TIM8_BRK_IRQHandler
                0x000000000800742c                FLASH_IRQHandler
                0x000000000800742c                USART1_IRQHandler
                0x000000000800742c                SPI3_IRQHandler
                0x000000000800742c                I2C1_ER_IRQHandler
                0x000000000800742c                LPTIM1_IRQHandler
                0x000000000800742c                DMAMUX_OVR_IRQHandler
                0x000000000800742c                USBWakeUp_IRQHandler
                0x000000000800742c                SAI1_IRQHandler
                0x000000000800742c                DMA2_Channel3_IRQHandler
                0x000000000800742c                COMP4_IRQHandler
                0x000000000800742c                TIM1_BRK_TIM15_IRQHandler
 *fill*         0x000000000800742e        0x2 
 .text.__libc_init_array
                0x0000000008007430       0x48 c:/st/stm32cubeide_1.0.2/stm32cubeide/plugins/com.st.stm32cube.ide.mcu.externaltools.gnu-tools-for-stm32.7-2018-q2-update.win32_1.0.0.201904181610/tools/bin/../lib/gcc/arm-none-eabi/7.3.1/../../../../arm-none-eabi/lib/thumb/v7e-m/fpv4-sp/hard\libc_nano.a(lib_a-init.o)
                0x0000000008007430                __libc_init_array
 .text.memset   0x0000000008007478       0x10 c:/st/stm32cubeide_1.0.2/stm32cubeide/plugins/com.st.stm32cube.ide.mcu.externaltools.gnu-tools-for-stm32.7-2018-q2-update.win32_1.0.0.201904181610/tools/bin/../lib/gcc/arm-none-eabi/7.3.1/../../../../arm-none-eabi/lib/thumb/v7e-m/fpv4-sp/hard\libc_nano.a(lib_a-memset.o)
                0x0000000008007478                memset
 *(.glue_7)
 .glue_7        0x0000000008007488        0x0 linker stubs
 *(.glue_7t)
 .glue_7t       0x0000000008007488        0x0 linker stubs
 *(.eh_frame)
 .eh_frame      0x0000000008007488        0x0 c:/st/stm32cubeide_1.0.2/stm32cubeide/plugins/com.st.stm32cube.ide.mcu.externaltools.gnu-tools-for-stm32.7-2018-q2-update.win32_1.0.0.201904181610/tools/bin/../lib/gcc/arm-none-eabi/7.3.1/thumb/v7e-m/fpv4-sp/hard/crtbegin.o
 *(.init)
 .init          0x0000000008007488        0x4 c:/st/stm32cubeide_1.0.2/stm32cubeide/plugins/com.st.stm32cube.ide.mcu.externaltools.gnu-tools-for-stm32.7-2018-q2-update.win32_1.0.0.201904181610/tools/bin/../lib/gcc/arm-none-eabi/7.3.1/thumb/v7e-m/fpv4-sp/hard/crti.o
                0x0000000008007488                _init
 .init          0x000000000800748c        0x8 c:/st/stm32cubeide_1.0.2/stm32cubeide/plugins/com.st.stm32cube.ide.mcu.externaltools.gnu-tools-for-stm32.7-2018-q2-update.win32_1.0.0.201904181610/tools/bin/../lib/gcc/arm-none-eabi/7.3.1/thumb/v7e-m/fpv4-sp/hard/crtn.o
 *(.fini)
 .fini          0x0000000008007494        0x4 c:/st/stm32cubeide_1.0.2/stm32cubeide/plugins/com.st.stm32cube.ide.mcu.externaltools.gnu-tools-for-stm32.7-2018-q2-update.win32_1.0.0.201904181610/tools/bin/../lib/gcc/arm-none-eabi/7.3.1/thumb/v7e-m/fpv4-sp/hard/crti.o
                0x0000000008007494                _fini
 .fini          0x0000000008007498        0x8 c:/st/stm32cubeide_1.0.2/stm32cubeide/plugins/com.st.stm32cube.ide.mcu.externaltools.gnu-tools-for-stm32.7-2018-q2-update.win32_1.0.0.201904181610/tools/bin/../lib/gcc/arm-none-eabi/7.3.1/thumb/v7e-m/fpv4-sp/hard/crtn.o
                0x00000000080074a0                . = ALIGN (0x4)
                0x00000000080074a0                _etext = .

.vfp11_veneer   0x00000000080074a0        0x0
 .vfp11_veneer  0x00000000080074a0        0x0 linker stubs

.v4_bx          0x00000000080074a0        0x0
 .v4_bx         0x00000000080074a0        0x0 linker stubs

.iplt           0x00000000080074a0        0x0
 .iplt          0x00000000080074a0        0x0 c:/st/stm32cubeide_1.0.2/stm32cubeide/plugins/com.st.stm32cube.ide.mcu.externaltools.gnu-tools-for-stm32.7-2018-q2-update.win32_1.0.0.201904181610/tools/bin/../lib/gcc/arm-none-eabi/7.3.1/thumb/v7e-m/fpv4-sp/hard/crtbegin.o

.rodata         0x00000000080074a0       0x20
                0x00000000080074a0                . = ALIGN (0x4)
 *(.rodata)
 *(.rodata*)
 .rodata.DLCtoBytes
                0x00000000080074a0       0x10 Drivers/STM32G4xx_HAL_Driver/Src/stm32g4xx_hal_fdcan.o
 .rodata.AHBPrescTable
                0x00000000080074b0       0x10 Src/system_stm32g4xx.o
                0x00000000080074b0                AHBPrescTable
                0x00000000080074c0                . = ALIGN (0x4)

.rel.dyn        0x00000000080074c0        0x0
 .rel.iplt      0x00000000080074c0        0x0 c:/st/stm32cubeide_1.0.2/stm32cubeide/plugins/com.st.stm32cube.ide.mcu.externaltools.gnu-tools-for-stm32.7-2018-q2-update.win32_1.0.0.201904181610/tools/bin/../lib/gcc/arm-none-eabi/7.3.1/thumb/v7e-m/fpv4-sp/hard/crtbegin.o

.ARM.extab      0x00000000080074c0        0x0
                0x00000000080074c0                . = ALIGN (0x4)
 *(.ARM.extab* .gnu.linkonce.armextab.*)
                0x00000000080074c0                . = ALIGN (0x4)

.ARM            0x00000000080074c0        0x0
                0x00000000080074c0                . = ALIGN (0x4)
                0x00000000080074c0                __exidx_start = .
 *(.ARM.exidx*)
                0x00000000080074c0                __exidx_end = .
                0x00000000080074c0                . = ALIGN (0x4)

.preinit_array  0x00000000080074c0        0x0
                0x00000000080074c0                . = ALIGN (0x4)
                0x00000000080074c0                PROVIDE (__preinit_array_start = .)
 *(.preinit_array*)
                0x00000000080074c0                PROVIDE (__preinit_array_end = .)
                0x00000000080074c0                . = ALIGN (0x4)

.init_array     0x00000000080074c0        0x4
                0x00000000080074c0                . = ALIGN (0x4)
                0x00000000080074c0                PROVIDE (__init_array_start = .)
 *(SORT_BY_NAME(.init_array.*))
 *(.init_array*)
 .init_array    0x00000000080074c0        0x4 c:/st/stm32cubeide_1.0.2/stm32cubeide/plugins/com.st.stm32cube.ide.mcu.externaltools.gnu-tools-for-stm32.7-2018-q2-update.win32_1.0.0.201904181610/tools/bin/../lib/gcc/arm-none-eabi/7.3.1/thumb/v7e-m/fpv4-sp/hard/crtbegin.o
                0x00000000080074c4                PROVIDE (__init_array_end = .)
                0x00000000080074c4                . = ALIGN (0x4)

.fini_array     0x00000000080074c4        0x4
                0x00000000080074c4                . = ALIGN (0x4)
                [!provide]                        PROVIDE (__fini_array_start = .)
 *(SORT_BY_NAME(.fini_array.*))
 *(.fini_array*)
 .fini_array    0x00000000080074c4        0x4 c:/st/stm32cubeide_1.0.2/stm32cubeide/plugins/com.st.stm32cube.ide.mcu.externaltools.gnu-tools-for-stm32.7-2018-q2-update.win32_1.0.0.201904181610/tools/bin/../lib/gcc/arm-none-eabi/7.3.1/thumb/v7e-m/fpv4-sp/hard/crtbegin.o
                [!provide]                        PROVIDE (__fini_array_end = .)
                0x00000000080074c8                . = ALIGN (0x4)
                0x00000000080074c8                _sidata = LOADADDR (.data)

.data           0x0000000020000000      0x12c load address 0x00000000080074c8
                0x0000000020000000                . = ALIGN (0x4)
                0x0000000020000000                _sdata = .
 *(.data)
 *(.data*)
 .data.uwTickPrio
                0x0000000020000000        0x4 Drivers/STM32G4xx_HAL_Driver/Src/stm32g4xx_hal.o
                0x0000000020000000                uwTickPrio
 .data.uwTickFreq
                0x0000000020000004        0x4 Drivers/STM32G4xx_HAL_Driver/Src/stm32g4xx_hal.o
                0x0000000020000004                uwTickFreq
 .data.pFlash   0x0000000020000008       0x20 Drivers/STM32G4xx_HAL_Driver/Src/stm32g4xx_hal_flash.o
                0x0000000020000008                pFlash
 .data.SystemCoreClock
                0x0000000020000028        0x4 Src/system_stm32g4xx.o
                0x0000000020000028                SystemCoreClock
 .data.NTC_NTC1_680_LUT
                0x000000002000002c       0x80 Src/transfer_functions.o
                0x000000002000002c                NTC_NTC1_680_LUT
 .data.NTC_NTC1_360_LUT
                0x00000000200000ac       0x80 Src/transfer_functions.o
                0x00000000200000ac                NTC_NTC1_360_LUT
                0x000000002000012c                . = ALIGN (0x4)
                0x000000002000012c                _edata = .

.igot.plt       0x000000002000012c        0x0 load address 0x00000000080075f4
 .igot.plt      0x000000002000012c        0x0 c:/st/stm32cubeide_1.0.2/stm32cubeide/plugins/com.st.stm32cube.ide.mcu.externaltools.gnu-tools-for-stm32.7-2018-q2-update.win32_1.0.0.201904181610/tools/bin/../lib/gcc/arm-none-eabi/7.3.1/thumb/v7e-m/fpv4-sp/hard/crtbegin.o
                0x000000002000012c                . = ALIGN (0x4)

.bss            0x000000002000012c      0xf94 load address 0x00000000080075f4
                0x000000002000012c                _sbss = .
                0x000000002000012c                __bss_start__ = _sbss
 *(.bss)
 .bss           0x000000002000012c       0x1c c:/st/stm32cubeide_1.0.2/stm32cubeide/plugins/com.st.stm32cube.ide.mcu.externaltools.gnu-tools-for-stm32.7-2018-q2-update.win32_1.0.0.201904181610/tools/bin/../lib/gcc/arm-none-eabi/7.3.1/thumb/v7e-m/fpv4-sp/hard/crtbegin.o
 *(.bss*)
 .bss.ack_k     0x0000000020000148        0x4 Src/commands.o
                0x0000000020000148                ack_k
 .bss.blnk_k    0x000000002000014c        0x4 Src/commands.o
                0x000000002000014c                blnk_k
 .bss.HAL_RCC_ADC12_CLK_ENABLED
                0x0000000020000150        0x4 Src/stm32g4xx_hal_msp.o
 *(COMMON)
 COMMON         0x0000000020000154        0x4 Drivers/STM32G4xx_HAL_Driver/Src/stm32g4xx_hal.o
                0x0000000020000154                uwTick
 COMMON         0x0000000020000158      0xf68 Src/main.o
                0x0000000020000158                CanSyncDelay
                0x000000002000015a                DriverDefaultState
                0x000000002000015c                TPos
                0x0000000020000160                ADCRawData
                0x0000000020000d60                AI6Written
                0x0000000020000d64                canErrors
                0x0000000020000d84                SensorRollingAverages
                0x0000000020000d8c                hadc2
                0x0000000020000df8                canSendFlag
                0x0000000020000df9                MeasureTemperature
                0x0000000020000dfc                hfdcan
                0x0000000020000e60                CanId_Diagnostics
                0x0000000020000e64                AI5Pos
                0x0000000020000e68                SendAnalogPeriod
                0x0000000020000e6a                driverState
                0x0000000020000e6b                canErrorToTransmit
                0x0000000020000e6c                AI3Written
                0x0000000020000e70                CanId_Analog
                0x0000000020000e74                hadc1
                0x0000000020000ee0                driverError
                0x0000000020000ee4                OverCurrentWarning
                0x0000000020000ee8                TransferFunctions
                0x0000000020000eec                ADC1Data
                0x0000000020000ef8                hdma_adc1
                0x0000000020000f58                AI3Pos
                0x0000000020000f5c                AI6Pos
                0x0000000020000f60                AnalogSensorBytes
                0x0000000020000f64                IWritten
                0x0000000020000f68                htim6
                0x0000000020000fa8                IPos
                0x0000000020000fac                MeasureDriverCurrent
                0x0000000020000fb0                AI5Written
                0x0000000020000fb4                AI2Pos
                0x0000000020000fb8                TWritten
                0x0000000020000fbc                CANTxData
                0x0000000020000fc4                canDLC
                0x0000000020000fc8                ADC2Data
                0x0000000020000fd4                OverCurrentLimit
                0x0000000020000fd8                hdma_adc2
                0x0000000020001038                canSendErrorFlag
                0x000000002000103c                htim16
                0x000000002000107c                htim7
                0x00000000200010bc                AI2Written
                0x00000000200010c0                . = ALIGN (0x4)
                0x00000000200010c0                _ebss = .
                0x00000000200010c0                __bss_end__ = _ebss

._user_heap_stack
                0x00000000200010c0      0x600 load address 0x00000000080075f4
                0x00000000200010c0                . = ALIGN (0x8)
                0x00000000200010c0                PROVIDE (end = .)
                [!provide]                        PROVIDE (_end = .)
                0x00000000200012c0                . = (. + _Min_Heap_Size)
 *fill*         0x00000000200010c0      0x200 
                0x00000000200016c0                . = (. + _Min_Stack_Size)
 *fill*         0x00000000200012c0      0x400 
                0x00000000200016c0                . = ALIGN (0x8)

/DISCARD/
 libc.a(*)
 libm.a(*)
 libgcc.a(*)

.ARM.attributes
                0x0000000000000000       0x30
 *(.ARM.attributes)
 .ARM.attributes
                0x0000000000000000       0x22 c:/st/stm32cubeide_1.0.2/stm32cubeide/plugins/com.st.stm32cube.ide.mcu.externaltools.gnu-tools-for-stm32.7-2018-q2-update.win32_1.0.0.201904181610/tools/bin/../lib/gcc/arm-none-eabi/7.3.1/thumb/v7e-m/fpv4-sp/hard/crti.o
 .ARM.attributes
                0x0000000000000022       0x34 c:/st/stm32cubeide_1.0.2/stm32cubeide/plugins/com.st.stm32cube.ide.mcu.externaltools.gnu-tools-for-stm32.7-2018-q2-update.win32_1.0.0.201904181610/tools/bin/../lib/gcc/arm-none-eabi/7.3.1/thumb/v7e-m/fpv4-sp/hard/crtbegin.o
 .ARM.attributes
                0x0000000000000056       0x39 Drivers/STM32G4xx_HAL_Driver/Src/stm32g4xx_hal.o
 .ARM.attributes
                0x000000000000008f       0x39 Drivers/STM32G4xx_HAL_Driver/Src/stm32g4xx_hal_adc.o
 .ARM.attributes
                0x00000000000000c8       0x39 Drivers/STM32G4xx_HAL_Driver/Src/stm32g4xx_hal_adc_ex.o
 .ARM.attributes
                0x0000000000000101       0x39 Drivers/STM32G4xx_HAL_Driver/Src/stm32g4xx_hal_cortex.o
 .ARM.attributes
                0x000000000000013a       0x39 Drivers/STM32G4xx_HAL_Driver/Src/stm32g4xx_hal_dma.o
 .ARM.attributes
                0x0000000000000173       0x39 Drivers/STM32G4xx_HAL_Driver/Src/stm32g4xx_hal_fdcan.o
 .ARM.attributes
                0x00000000000001ac       0x39 Drivers/STM32G4xx_HAL_Driver/Src/stm32g4xx_hal_flash.o
 .ARM.attributes
                0x00000000000001e5       0x39 Drivers/STM32G4xx_HAL_Driver/Src/stm32g4xx_hal_flash_ex.o
 .ARM.attributes
                0x000000000000021e       0x39 Drivers/STM32G4xx_HAL_Driver/Src/stm32g4xx_hal_gpio.o
 .ARM.attributes
                0x0000000000000257       0x39 Drivers/STM32G4xx_HAL_Driver/Src/stm32g4xx_hal_pwr_ex.o
 .ARM.attributes
                0x0000000000000290       0x39 Drivers/STM32G4xx_HAL_Driver/Src/stm32g4xx_hal_rcc.o
 .ARM.attributes
                0x00000000000002c9       0x39 Drivers/STM32G4xx_HAL_Driver/Src/stm32g4xx_hal_rcc_ex.o
 .ARM.attributes
                0x0000000000000302       0x39 Drivers/STM32G4xx_HAL_Driver/Src/stm32g4xx_hal_tim.o
 .ARM.attributes
                0x000000000000033b       0x39 Drivers/STM32G4xx_HAL_Driver/Src/stm32g4xx_hal_tim_ex.o
 .ARM.attributes
                0x0000000000000374       0x39 Src/commands.o
 .ARM.attributes
                0x00000000000003ad       0x39 Src/config.o
 .ARM.attributes
                0x00000000000003e6       0x39 Src/main.o
 .ARM.attributes
                0x000000000000041f       0x39 Src/stm32g4xx_hal_msp.o
 .ARM.attributes
                0x0000000000000458       0x39 Src/stm32g4xx_it.o
 .ARM.attributes
                0x0000000000000491       0x39 Src/system_stm32g4xx.o
 .ARM.attributes
                0x00000000000004ca       0x39 Src/transfer_functions.o
 .ARM.attributes
                0x0000000000000503       0x21 Startup/startup_stm32g441kbtx.o
 .ARM.attributes
                0x0000000000000524       0x34 c:/st/stm32cubeide_1.0.2/stm32cubeide/plugins/com.st.stm32cube.ide.mcu.externaltools.gnu-tools-for-stm32.7-2018-q2-update.win32_1.0.0.201904181610/tools/bin/../lib/gcc/arm-none-eabi/7.3.1/../../../../arm-none-eabi/lib/thumb/v7e-m/fpv4-sp/hard\libc_nano.a(lib_a-init.o)
 .ARM.attributes
                0x0000000000000558       0x34 c:/st/stm32cubeide_1.0.2/stm32cubeide/plugins/com.st.stm32cube.ide.mcu.externaltools.gnu-tools-for-stm32.7-2018-q2-update.win32_1.0.0.201904181610/tools/bin/../lib/gcc/arm-none-eabi/7.3.1/../../../../arm-none-eabi/lib/thumb/v7e-m/fpv4-sp/hard\libc_nano.a(lib_a-memset.o)
 .ARM.attributes
                0x000000000000058c       0x22 c:/st/stm32cubeide_1.0.2/stm32cubeide/plugins/com.st.stm32cube.ide.mcu.externaltools.gnu-tools-for-stm32.7-2018-q2-update.win32_1.0.0.201904181610/tools/bin/../lib/gcc/arm-none-eabi/7.3.1/thumb/v7e-m/fpv4-sp/hard/crtn.o
OUTPUT(motorsport_AnalogNode.elf elf32-littlearm)

.debug_info     0x0000000000000000    0x16669
 .debug_info    0x0000000000000000      0xba1 Drivers/STM32G4xx_HAL_Driver/Src/stm32g4xx_hal.o
 .debug_info    0x0000000000000ba1     0x1ec4 Drivers/STM32G4xx_HAL_Driver/Src/stm32g4xx_hal_adc.o
 .debug_info    0x0000000000002a65     0x1c12 Drivers/STM32G4xx_HAL_Driver/Src/stm32g4xx_hal_adc_ex.o
 .debug_info    0x0000000000004677      0xec1 Drivers/STM32G4xx_HAL_Driver/Src/stm32g4xx_hal_cortex.o
 .debug_info    0x0000000000005538      0xa07 Drivers/STM32G4xx_HAL_Driver/Src/stm32g4xx_hal_dma.o
 .debug_info    0x0000000000005f3f     0x1958 Drivers/STM32G4xx_HAL_Driver/Src/stm32g4xx_hal_fdcan.o
 .debug_info    0x0000000000007897      0x748 Drivers/STM32G4xx_HAL_Driver/Src/stm32g4xx_hal_flash.o
 .debug_info    0x0000000000007fdf      0x95b Drivers/STM32G4xx_HAL_Driver/Src/stm32g4xx_hal_flash_ex.o
 .debug_info    0x000000000000893a      0x969 Drivers/STM32G4xx_HAL_Driver/Src/stm32g4xx_hal_gpio.o
 .debug_info    0x00000000000092a3      0xa9c Drivers/STM32G4xx_HAL_Driver/Src/stm32g4xx_hal_pwr_ex.o
 .debug_info    0x0000000000009d3f      0xca5 Drivers/STM32G4xx_HAL_Driver/Src/stm32g4xx_hal_rcc.o
 .debug_info    0x000000000000a9e4      0xd92 Drivers/STM32G4xx_HAL_Driver/Src/stm32g4xx_hal_rcc_ex.o
 .debug_info    0x000000000000b776     0x2884 Drivers/STM32G4xx_HAL_Driver/Src/stm32g4xx_hal_tim.o
 .debug_info    0x000000000000dffa     0x1a34 Drivers/STM32G4xx_HAL_Driver/Src/stm32g4xx_hal_tim_ex.o
 .debug_info    0x000000000000fa2e      0xc47 Src/commands.o
 .debug_info    0x0000000000010675      0x7b0 Src/config.o
 .debug_info    0x0000000000010e25     0x2235 Src/main.o
 .debug_info    0x000000000001305a     0x1a56 Src/stm32g4xx_hal_msp.o
 .debug_info    0x0000000000014ab0      0xec5 Src/stm32g4xx_it.o
 .debug_info    0x0000000000015975      0x6af Src/system_stm32g4xx.o
 .debug_info    0x0000000000016024      0x623 Src/transfer_functions.o
 .debug_info    0x0000000000016647       0x22 Startup/startup_stm32g441kbtx.o

.debug_abbrev   0x0000000000000000     0x2ba2
 .debug_abbrev  0x0000000000000000      0x1fb Drivers/STM32G4xx_HAL_Driver/Src/stm32g4xx_hal.o
 .debug_abbrev  0x00000000000001fb      0x24a Drivers/STM32G4xx_HAL_Driver/Src/stm32g4xx_hal_adc.o
 .debug_abbrev  0x0000000000000445      0x26a Drivers/STM32G4xx_HAL_Driver/Src/stm32g4xx_hal_adc_ex.o
 .debug_abbrev  0x00000000000006af      0x2f1 Drivers/STM32G4xx_HAL_Driver/Src/stm32g4xx_hal_cortex.o
 .debug_abbrev  0x00000000000009a0      0x1d9 Drivers/STM32G4xx_HAL_Driver/Src/stm32g4xx_hal_dma.o
 .debug_abbrev  0x0000000000000b79      0x1be Drivers/STM32G4xx_HAL_Driver/Src/stm32g4xx_hal_fdcan.o
 .debug_abbrev  0x0000000000000d37      0x2b6 Drivers/STM32G4xx_HAL_Driver/Src/stm32g4xx_hal_flash.o
 .debug_abbrev  0x0000000000000fed      0x24d Drivers/STM32G4xx_HAL_Driver/Src/stm32g4xx_hal_flash_ex.o
 .debug_abbrev  0x000000000000123a      0x1c0 Drivers/STM32G4xx_HAL_Driver/Src/stm32g4xx_hal_gpio.o
 .debug_abbrev  0x00000000000013fa      0x1fd Drivers/STM32G4xx_HAL_Driver/Src/stm32g4xx_hal_pwr_ex.o
 .debug_abbrev  0x00000000000015f7      0x245 Drivers/STM32G4xx_HAL_Driver/Src/stm32g4xx_hal_rcc.o
 .debug_abbrev  0x000000000000183c      0x204 Drivers/STM32G4xx_HAL_Driver/Src/stm32g4xx_hal_rcc_ex.o
 .debug_abbrev  0x0000000000001a40      0x25b Drivers/STM32G4xx_HAL_Driver/Src/stm32g4xx_hal_tim.o
 .debug_abbrev  0x0000000000001c9b      0x249 Drivers/STM32G4xx_HAL_Driver/Src/stm32g4xx_hal_tim_ex.o
 .debug_abbrev  0x0000000000001ee4      0x1a0 Src/commands.o
 .debug_abbrev  0x0000000000002084      0x1d0 Src/config.o
 .debug_abbrev  0x0000000000002254      0x2bf Src/main.o
 .debug_abbrev  0x0000000000002513      0x1cf Src/stm32g4xx_hal_msp.o
 .debug_abbrev  0x00000000000026e2      0x194 Src/stm32g4xx_it.o
 .debug_abbrev  0x0000000000002876      0x147 Src/system_stm32g4xx.o
 .debug_abbrev  0x00000000000029bd      0x1d3 Src/transfer_functions.o
 .debug_abbrev  0x0000000000002b90       0x12 Startup/startup_stm32g441kbtx.o

.debug_aranges  0x0000000000000000     0x1670
 .debug_aranges
                0x0000000000000000      0x130 Drivers/STM32G4xx_HAL_Driver/Src/stm32g4xx_hal.o
 .debug_aranges
                0x0000000000000130      0x248 Drivers/STM32G4xx_HAL_Driver/Src/stm32g4xx_hal_adc.o
 .debug_aranges
                0x0000000000000378      0x1c0 Drivers/STM32G4xx_HAL_Driver/Src/stm32g4xx_hal_adc_ex.o
 .debug_aranges
                0x0000000000000538      0x118 Drivers/STM32G4xx_HAL_Driver/Src/stm32g4xx_hal_cortex.o
 .debug_aranges
                0x0000000000000650       0x90 Drivers/STM32G4xx_HAL_Driver/Src/stm32g4xx_hal_dma.o
 .debug_aranges
                0x00000000000006e0      0x208 Drivers/STM32G4xx_HAL_Driver/Src/stm32g4xx_hal_fdcan.o
 .debug_aranges
                0x00000000000008e8       0x88 Drivers/STM32G4xx_HAL_Driver/Src/stm32g4xx_hal_flash.o
 .debug_aranges
                0x0000000000000970       0xc8 Drivers/STM32G4xx_HAL_Driver/Src/stm32g4xx_hal_flash_ex.o
 .debug_aranges
                0x0000000000000a38       0x58 Drivers/STM32G4xx_HAL_Driver/Src/stm32g4xx_hal_gpio.o
 .debug_aranges
                0x0000000000000a90      0x140 Drivers/STM32G4xx_HAL_Driver/Src/stm32g4xx_hal_pwr_ex.o
 .debug_aranges
                0x0000000000000bd0       0x98 Drivers/STM32G4xx_HAL_Driver/Src/stm32g4xx_hal_rcc.o
 .debug_aranges
                0x0000000000000c68       0xb0 Drivers/STM32G4xx_HAL_Driver/Src/stm32g4xx_hal_rcc_ex.o
 .debug_aranges
                0x0000000000000d18      0x3c8 Drivers/STM32G4xx_HAL_Driver/Src/stm32g4xx_hal_tim.o
 .debug_aranges
                0x00000000000010e0      0x228 Drivers/STM32G4xx_HAL_Driver/Src/stm32g4xx_hal_tim_ex.o
 .debug_aranges
                0x0000000000001308       0x98 Src/commands.o
 .debug_aranges
                0x00000000000013a0       0xa0 Src/config.o
 .debug_aranges
                0x0000000000001440       0xa8 Src/main.o
 .debug_aranges
                0x00000000000014e8       0x58 Src/stm32g4xx_hal_msp.o
 .debug_aranges
                0x0000000000001540       0x90 Src/stm32g4xx_it.o
 .debug_aranges
                0x00000000000015d0       0x28 Src/system_stm32g4xx.o
 .debug_aranges
                0x00000000000015f8       0x50 Src/transfer_functions.o
 .debug_aranges
                0x0000000000001648       0x28 Startup/startup_stm32g441kbtx.o

.debug_ranges   0x0000000000000000     0x1518
 .debug_ranges  0x0000000000000000      0x120 Drivers/STM32G4xx_HAL_Driver/Src/stm32g4xx_hal.o
 .debug_ranges  0x0000000000000120      0x238 Drivers/STM32G4xx_HAL_Driver/Src/stm32g4xx_hal_adc.o
 .debug_ranges  0x0000000000000358      0x1b0 Drivers/STM32G4xx_HAL_Driver/Src/stm32g4xx_hal_adc_ex.o
 .debug_ranges  0x0000000000000508      0x108 Drivers/STM32G4xx_HAL_Driver/Src/stm32g4xx_hal_cortex.o
 .debug_ranges  0x0000000000000610       0x80 Drivers/STM32G4xx_HAL_Driver/Src/stm32g4xx_hal_dma.o
 .debug_ranges  0x0000000000000690      0x1f8 Drivers/STM32G4xx_HAL_Driver/Src/stm32g4xx_hal_fdcan.o
 .debug_ranges  0x0000000000000888       0x78 Drivers/STM32G4xx_HAL_Driver/Src/stm32g4xx_hal_flash.o
 .debug_ranges  0x0000000000000900       0xb8 Drivers/STM32G4xx_HAL_Driver/Src/stm32g4xx_hal_flash_ex.o
 .debug_ranges  0x00000000000009b8       0x48 Drivers/STM32G4xx_HAL_Driver/Src/stm32g4xx_hal_gpio.o
 .debug_ranges  0x0000000000000a00      0x130 Drivers/STM32G4xx_HAL_Driver/Src/stm32g4xx_hal_pwr_ex.o
 .debug_ranges  0x0000000000000b30       0x88 Drivers/STM32G4xx_HAL_Driver/Src/stm32g4xx_hal_rcc.o
 .debug_ranges  0x0000000000000bb8       0xa0 Drivers/STM32G4xx_HAL_Driver/Src/stm32g4xx_hal_rcc_ex.o
 .debug_ranges  0x0000000000000c58      0x3b8 Drivers/STM32G4xx_HAL_Driver/Src/stm32g4xx_hal_tim.o
 .debug_ranges  0x0000000000001010      0x218 Drivers/STM32G4xx_HAL_Driver/Src/stm32g4xx_hal_tim_ex.o
 .debug_ranges  0x0000000000001228       0x88 Src/commands.o
 .debug_ranges  0x00000000000012b0       0x90 Src/config.o
 .debug_ranges  0x0000000000001340       0x98 Src/main.o
 .debug_ranges  0x00000000000013d8       0x48 Src/stm32g4xx_hal_msp.o
 .debug_ranges  0x0000000000001420       0x80 Src/stm32g4xx_it.o
 .debug_ranges  0x00000000000014a0       0x18 Src/system_stm32g4xx.o
 .debug_ranges  0x00000000000014b8       0x40 Src/transfer_functions.o
 .debug_ranges  0x00000000000014f8       0x20 Startup/startup_stm32g441kbtx.o

.debug_macro    0x0000000000000000    0x2085e
 .debug_macro   0x0000000000000000      0x233 Drivers/STM32G4xx_HAL_Driver/Src/stm32g4xx_hal.o
 .debug_macro   0x0000000000000233      0xa5a Drivers/STM32G4xx_HAL_Driver/Src/stm32g4xx_hal.o
 .debug_macro   0x0000000000000c8d      0x154 Drivers/STM32G4xx_HAL_Driver/Src/stm32g4xx_hal.o
 .debug_macro   0x0000000000000de1       0x2e Drivers/STM32G4xx_HAL_Driver/Src/stm32g4xx_hal.o
 .debug_macro   0x0000000000000e0f       0x28 Drivers/STM32G4xx_HAL_Driver/Src/stm32g4xx_hal.o
 .debug_macro   0x0000000000000e37       0x22 Drivers/STM32G4xx_HAL_Driver/Src/stm32g4xx_hal.o
 .debug_macro   0x0000000000000e59       0x8e Drivers/STM32G4xx_HAL_Driver/Src/stm32g4xx_hal.o
 .debug_macro   0x0000000000000ee7       0x51 Drivers/STM32G4xx_HAL_Driver/Src/stm32g4xx_hal.o
 .debug_macro   0x0000000000000f38       0xef Drivers/STM32G4xx_HAL_Driver/Src/stm32g4xx_hal.o
 .debug_macro   0x0000000000001027       0x6a Drivers/STM32G4xx_HAL_Driver/Src/stm32g4xx_hal.o
 .debug_macro   0x0000000000001091      0x1df Drivers/STM32G4xx_HAL_Driver/Src/stm32g4xx_hal.o
 .debug_macro   0x0000000000001270       0x1c Drivers/STM32G4xx_HAL_Driver/Src/stm32g4xx_hal.o
 .debug_macro   0x000000000000128c       0x22 Drivers/STM32G4xx_HAL_Driver/Src/stm32g4xx_hal.o
 .debug_macro   0x00000000000012ae       0xdf Drivers/STM32G4xx_HAL_Driver/Src/stm32g4xx_hal.o
 .debug_macro   0x000000000000138d     0x102d Drivers/STM32G4xx_HAL_Driver/Src/stm32g4xx_hal.o
 .debug_macro   0x00000000000023ba      0x11f Drivers/STM32G4xx_HAL_Driver/Src/stm32g4xx_hal.o
 .debug_macro   0x00000000000024d9    0x1178d Drivers/STM32G4xx_HAL_Driver/Src/stm32g4xx_hal.o
 .debug_macro   0x0000000000013c66       0x43 Drivers/STM32G4xx_HAL_Driver/Src/stm32g4xx_hal.o
 .debug_macro   0x0000000000013ca9     0x34ae Drivers/STM32G4xx_HAL_Driver/Src/stm32g4xx_hal.o
 .debug_macro   0x0000000000017157      0x174 Drivers/STM32G4xx_HAL_Driver/Src/stm32g4xx_hal.o
 .debug_macro   0x00000000000172cb       0x5a Drivers/STM32G4xx_HAL_Driver/Src/stm32g4xx_hal.o
 .debug_macro   0x0000000000017325     0x1424 Drivers/STM32G4xx_HAL_Driver/Src/stm32g4xx_hal.o
 .debug_macro   0x0000000000018749      0x535 Drivers/STM32G4xx_HAL_Driver/Src/stm32g4xx_hal.o
 .debug_macro   0x0000000000018c7e      0x137 Drivers/STM32G4xx_HAL_Driver/Src/stm32g4xx_hal.o
 .debug_macro   0x0000000000018db5      0x26d Drivers/STM32G4xx_HAL_Driver/Src/stm32g4xx_hal.o
 .debug_macro   0x0000000000019022      0x41d Drivers/STM32G4xx_HAL_Driver/Src/stm32g4xx_hal.o
 .debug_macro   0x000000000001943f      0x18b Drivers/STM32G4xx_HAL_Driver/Src/stm32g4xx_hal.o
 .debug_macro   0x00000000000195ca       0x43 Drivers/STM32G4xx_HAL_Driver/Src/stm32g4xx_hal.o
 .debug_macro   0x000000000001960d      0x23d Drivers/STM32G4xx_HAL_Driver/Src/stm32g4xx_hal.o
 .debug_macro   0x000000000001984a     0x10fd Drivers/STM32G4xx_HAL_Driver/Src/stm32g4xx_hal.o
 .debug_macro   0x000000000001a947      0x72e Drivers/STM32G4xx_HAL_Driver/Src/stm32g4xx_hal.o
 .debug_macro   0x000000000001b075      0x391 Drivers/STM32G4xx_HAL_Driver/Src/stm32g4xx_hal.o
 .debug_macro   0x000000000001b406      0x212 Drivers/STM32G4xx_HAL_Driver/Src/stm32g4xx_hal.o
 .debug_macro   0x000000000001b618      0x6af Drivers/STM32G4xx_HAL_Driver/Src/stm32g4xx_hal.o
 .debug_macro   0x000000000001bcc7      0x401 Drivers/STM32G4xx_HAL_Driver/Src/stm32g4xx_hal.o
 .debug_macro   0x000000000001c0c8      0x107 Drivers/STM32G4xx_HAL_Driver/Src/stm32g4xx_hal.o
 .debug_macro   0x000000000001c1cf      0x122 Drivers/STM32G4xx_HAL_Driver/Src/stm32g4xx_hal.o
 .debug_macro   0x000000000001c2f1      0x3d1 Drivers/STM32G4xx_HAL_Driver/Src/stm32g4xx_hal.o
 .debug_macro   0x000000000001c6c2      0xb5c Drivers/STM32G4xx_HAL_Driver/Src/stm32g4xx_hal.o
 .debug_macro   0x000000000001d21e      0x47e Drivers/STM32G4xx_HAL_Driver/Src/stm32g4xx_hal.o
 .debug_macro   0x000000000001d69c      0x307 Drivers/STM32G4xx_HAL_Driver/Src/stm32g4xx_hal.o
 .debug_macro   0x000000000001d9a3      0x202 Drivers/STM32G4xx_HAL_Driver/Src/stm32g4xx_hal_adc.o
 .debug_macro   0x000000000001dba5      0x1f1 Drivers/STM32G4xx_HAL_Driver/Src/stm32g4xx_hal_adc_ex.o
 .debug_macro   0x000000000001dd96      0x1e5 Drivers/STM32G4xx_HAL_Driver/Src/stm32g4xx_hal_cortex.o
 .debug_macro   0x000000000001df7b      0x1e5 Drivers/STM32G4xx_HAL_Driver/Src/stm32g4xx_hal_dma.o
 .debug_macro   0x000000000001e160      0x2f7 Drivers/STM32G4xx_HAL_Driver/Src/stm32g4xx_hal_fdcan.o
 .debug_macro   0x000000000001e457      0x1eb Drivers/STM32G4xx_HAL_Driver/Src/stm32g4xx_hal_flash.o
 .debug_macro   0x000000000001e642      0x1e5 Drivers/STM32G4xx_HAL_Driver/Src/stm32g4xx_hal_flash_ex.o
 .debug_macro   0x000000000001e827      0x21d Drivers/STM32G4xx_HAL_Driver/Src/stm32g4xx_hal_gpio.o
 .debug_macro   0x000000000001ea44      0x20f Drivers/STM32G4xx_HAL_Driver/Src/stm32g4xx_hal_pwr_ex.o
 .debug_macro   0x000000000001ec53      0x221 Drivers/STM32G4xx_HAL_Driver/Src/stm32g4xx_hal_rcc.o
 .debug_macro   0x000000000001ee74      0x20f Drivers/STM32G4xx_HAL_Driver/Src/stm32g4xx_hal_rcc_ex.o
 .debug_macro   0x000000000001f083      0x1ed Drivers/STM32G4xx_HAL_Driver/Src/stm32g4xx_hal_tim.o
 .debug_macro   0x000000000001f270      0x1eb Drivers/STM32G4xx_HAL_Driver/Src/stm32g4xx_hal_tim_ex.o
 .debug_macro   0x000000000001f45b      0x21c Src/commands.o
 .debug_macro   0x000000000001f677      0x1eb Src/commands.o
 .debug_macro   0x000000000001f862       0x22 Src/commands.o
 .debug_macro   0x000000000001f884       0x58 Src/commands.o
 .debug_macro   0x000000000001f8dc       0x64 Src/commands.o
 .debug_macro   0x000000000001f940      0x2a9 Src/commands.o
 .debug_macro   0x000000000001fbe9      0x21c Src/config.o
 .debug_macro   0x000000000001fe05      0x218 Src/main.o
 .debug_macro   0x000000000002001d      0x218 Src/stm32g4xx_hal_msp.o
 .debug_macro   0x0000000000020235      0x222 Src/stm32g4xx_it.o
 .debug_macro   0x0000000000020457      0x1eb Src/system_stm32g4xx.o
 .debug_macro   0x0000000000020642      0x21c Src/transfer_functions.o

.debug_line     0x0000000000000000     0xfb28
 .debug_line    0x0000000000000000      0x9a2 Drivers/STM32G4xx_HAL_Driver/Src/stm32g4xx_hal.o
 .debug_line    0x00000000000009a2     0x14e6 Drivers/STM32G4xx_HAL_Driver/Src/stm32g4xx_hal_adc.o
 .debug_line    0x0000000000001e88     0x1202 Drivers/STM32G4xx_HAL_Driver/Src/stm32g4xx_hal_adc_ex.o
 .debug_line    0x000000000000308a      0xa2a Drivers/STM32G4xx_HAL_Driver/Src/stm32g4xx_hal_cortex.o
 .debug_line    0x0000000000003ab4      0x96d Drivers/STM32G4xx_HAL_Driver/Src/stm32g4xx_hal_dma.o
 .debug_line    0x0000000000004421      0xeed Drivers/STM32G4xx_HAL_Driver/Src/stm32g4xx_hal_fdcan.o
 .debug_line    0x000000000000530e      0x92e Drivers/STM32G4xx_HAL_Driver/Src/stm32g4xx_hal_flash.o
 .debug_line    0x0000000000005c3c      0x9f5 Drivers/STM32G4xx_HAL_Driver/Src/stm32g4xx_hal_flash_ex.o
 .debug_line    0x0000000000006631      0x8a8 Drivers/STM32G4xx_HAL_Driver/Src/stm32g4xx_hal_gpio.o
 .debug_line    0x0000000000006ed9      0xa8f Drivers/STM32G4xx_HAL_Driver/Src/stm32g4xx_hal_pwr_ex.o
 .debug_line    0x0000000000007968      0x9e3 Drivers/STM32G4xx_HAL_Driver/Src/stm32g4xx_hal_rcc.o
 .debug_line    0x000000000000834b      0xb8d Drivers/STM32G4xx_HAL_Driver/Src/stm32g4xx_hal_rcc_ex.o
 .debug_line    0x0000000000008ed8     0x1c6a Drivers/STM32G4xx_HAL_Driver/Src/stm32g4xx_hal_tim.o
 .debug_line    0x000000000000ab42     0x10db Drivers/STM32G4xx_HAL_Driver/Src/stm32g4xx_hal_tim_ex.o
 .debug_line    0x000000000000bc1d      0x8b2 Src/commands.o
 .debug_line    0x000000000000c4cf      0x9f1 Src/config.o
 .debug_line    0x000000000000cec0      0xba8 Src/main.o
 .debug_line    0x000000000000da68      0x83e Src/stm32g4xx_hal_msp.o
 .debug_line    0x000000000000e2a6      0x84e Src/stm32g4xx_it.o
 .debug_line    0x000000000000eaf4      0x719 Src/system_stm32g4xx.o
 .debug_line    0x000000000000f20d      0x897 Src/transfer_functions.o
 .debug_line    0x000000000000faa4       0x84 Startup/startup_stm32g441kbtx.o

.debug_str      0x0000000000000000    0xd8b83
 .debug_str     0x0000000000000000    0xd023a Drivers/STM32G4xx_HAL_Driver/Src/stm32g4xx_hal.o
                                      0xd0900 (size before relaxing)
 .debug_str     0x00000000000d023a      0xf34 Drivers/STM32G4xx_HAL_Driver/Src/stm32g4xx_hal_adc.o
                                      0xd0d7b (size before relaxing)
 .debug_str     0x00000000000d116e      0x76f Drivers/STM32G4xx_HAL_Driver/Src/stm32g4xx_hal_adc_ex.o
                                      0xd0d4f (size before relaxing)
 .debug_str     0x00000000000d18dd      0x3e6 Drivers/STM32G4xx_HAL_Driver/Src/stm32g4xx_hal_cortex.o
                                      0xd0614 (size before relaxing)
 .debug_str     0x00000000000d1cc3      0x2d3 Drivers/STM32G4xx_HAL_Driver/Src/stm32g4xx_hal_dma.o
                                      0xd0204 (size before relaxing)
 .debug_str     0x00000000000d1f96     0x1613 Drivers/STM32G4xx_HAL_Driver/Src/stm32g4xx_hal_fdcan.o
                                      0xd13b1 (size before relaxing)
 .debug_str     0x00000000000d35a9      0x27f Drivers/STM32G4xx_HAL_Driver/Src/stm32g4xx_hal_flash.o
                                      0xcff38 (size before relaxing)
 .debug_str     0x00000000000d3828      0x358 Drivers/STM32G4xx_HAL_Driver/Src/stm32g4xx_hal_flash_ex.o
                                      0xd005b (size before relaxing)
 .debug_str     0x00000000000d3b80      0x297 Drivers/STM32G4xx_HAL_Driver/Src/stm32g4xx_hal_gpio.o
                                      0xd00b3 (size before relaxing)
 .debug_str     0x00000000000d3e17      0x4c6 Drivers/STM32G4xx_HAL_Driver/Src/stm32g4xx_hal_pwr_ex.o
                                      0xd0329 (size before relaxing)
 .debug_str     0x00000000000d42dd      0x498 Drivers/STM32G4xx_HAL_Driver/Src/stm32g4xx_hal_rcc.o
                                      0xd03bf (size before relaxing)
 .debug_str     0x00000000000d4775      0x568 Drivers/STM32G4xx_HAL_Driver/Src/stm32g4xx_hal_rcc_ex.o
                                      0xd04d8 (size before relaxing)
 .debug_str     0x00000000000d4cdd      0xff4 Drivers/STM32G4xx_HAL_Driver/Src/stm32g4xx_hal_tim.o
                                      0xd1040 (size before relaxing)
 .debug_str     0x00000000000d5cd1      0xa17 Drivers/STM32G4xx_HAL_Driver/Src/stm32g4xx_hal_tim_ex.o
                                      0xd0cde (size before relaxing)
 .debug_str     0x00000000000d66e8     0x1e93 Src/commands.o
                                      0xd1f1c (size before relaxing)
 .debug_str     0x00000000000d857b      0x10b Src/config.o
                                      0xd1b57 (size before relaxing)
 .debug_str     0x00000000000d8686      0x205 Src/main.o
                                      0xd3097 (size before relaxing)
 .debug_str     0x00000000000d888b       0x5b Src/stm32g4xx_hal_msp.o
                                      0xd2af8 (size before relaxing)
 .debug_str     0x00000000000d88e6      0x12d Src/stm32g4xx_it.o
                                      0xd2295 (size before relaxing)
 .debug_str     0x00000000000d8a13       0x52 Src/system_stm32g4xx.o
                                      0xcfe41 (size before relaxing)
 .debug_str     0x00000000000d8a65       0xed Src/transfer_functions.o
                                      0xd1a45 (size before relaxing)
 .debug_str     0x00000000000d8b52       0x31 Startup/startup_stm32g441kbtx.o
                                         0x79 (size before relaxing)

.comment        0x0000000000000000       0x7b
 .comment       0x0000000000000000       0x7b Drivers/STM32G4xx_HAL_Driver/Src/stm32g4xx_hal.o
                                         0x7c (size before relaxing)
 .comment       0x000000000000007b       0x7c Drivers/STM32G4xx_HAL_Driver/Src/stm32g4xx_hal_adc.o
 .comment       0x000000000000007b       0x7c Drivers/STM32G4xx_HAL_Driver/Src/stm32g4xx_hal_adc_ex.o
 .comment       0x000000000000007b       0x7c Drivers/STM32G4xx_HAL_Driver/Src/stm32g4xx_hal_cortex.o
 .comment       0x000000000000007b       0x7c Drivers/STM32G4xx_HAL_Driver/Src/stm32g4xx_hal_dma.o
 .comment       0x000000000000007b       0x7c Drivers/STM32G4xx_HAL_Driver/Src/stm32g4xx_hal_fdcan.o
 .comment       0x000000000000007b       0x7c Drivers/STM32G4xx_HAL_Driver/Src/stm32g4xx_hal_flash.o
 .comment       0x000000000000007b       0x7c Drivers/STM32G4xx_HAL_Driver/Src/stm32g4xx_hal_flash_ex.o
 .comment       0x000000000000007b       0x7c Drivers/STM32G4xx_HAL_Driver/Src/stm32g4xx_hal_gpio.o
 .comment       0x000000000000007b       0x7c Drivers/STM32G4xx_HAL_Driver/Src/stm32g4xx_hal_pwr_ex.o
 .comment       0x000000000000007b       0x7c Drivers/STM32G4xx_HAL_Driver/Src/stm32g4xx_hal_rcc.o
 .comment       0x000000000000007b       0x7c Drivers/STM32G4xx_HAL_Driver/Src/stm32g4xx_hal_rcc_ex.o
 .comment       0x000000000000007b       0x7c Drivers/STM32G4xx_HAL_Driver/Src/stm32g4xx_hal_tim.o
 .comment       0x000000000000007b       0x7c Drivers/STM32G4xx_HAL_Driver/Src/stm32g4xx_hal_tim_ex.o
 .comment       0x000000000000007b       0x7c Src/commands.o
 .comment       0x000000000000007b       0x7c Src/config.o
 .comment       0x000000000000007b       0x7c Src/main.o
 .comment       0x000000000000007b       0x7c Src/stm32g4xx_hal_msp.o
 .comment       0x000000000000007b       0x7c Src/stm32g4xx_it.o
 .comment       0x000000000000007b       0x7c Src/system_stm32g4xx.o
 .comment       0x000000000000007b       0x7c Src/transfer_functions.o

.debug_frame    0x0000000000000000     0x5fc4
 .debug_frame   0x0000000000000000      0x4a0 Drivers/STM32G4xx_HAL_Driver/Src/stm32g4xx_hal.o
 .debug_frame   0x00000000000004a0      0xacc Drivers/STM32G4xx_HAL_Driver/Src/stm32g4xx_hal_adc.o
 .debug_frame   0x0000000000000f6c      0x81c Drivers/STM32G4xx_HAL_Driver/Src/stm32g4xx_hal_adc_ex.o
 .debug_frame   0x0000000000001788      0x498 Drivers/STM32G4xx_HAL_Driver/Src/stm32g4xx_hal_cortex.o
 .debug_frame   0x0000000000001c20      0x24c Drivers/STM32G4xx_HAL_Driver/Src/stm32g4xx_hal_dma.o
 .debug_frame   0x0000000000001e6c      0x9b0 Drivers/STM32G4xx_HAL_Driver/Src/stm32g4xx_hal_fdcan.o
 .debug_frame   0x000000000000281c      0x21c Drivers/STM32G4xx_HAL_Driver/Src/stm32g4xx_hal_flash.o
 .debug_frame   0x0000000000002a38      0x344 Drivers/STM32G4xx_HAL_Driver/Src/stm32g4xx_hal_flash_ex.o
 .debug_frame   0x0000000000002d7c      0x14c Drivers/STM32G4xx_HAL_Driver/Src/stm32g4xx_hal_gpio.o
 .debug_frame   0x0000000000002ec8      0x4fc Drivers/STM32G4xx_HAL_Driver/Src/stm32g4xx_hal_pwr_ex.o
 .debug_frame   0x00000000000033c4      0x23c Drivers/STM32G4xx_HAL_Driver/Src/stm32g4xx_hal_rcc.o
 .debug_frame   0x0000000000003600      0x2ac Drivers/STM32G4xx_HAL_Driver/Src/stm32g4xx_hal_rcc_ex.o
 .debug_frame   0x00000000000038ac     0x1190 Drivers/STM32G4xx_HAL_Driver/Src/stm32g4xx_hal_tim.o
 .debug_frame   0x0000000000004a3c      0x9f0 Drivers/STM32G4xx_HAL_Driver/Src/stm32g4xx_hal_tim_ex.o
 .debug_frame   0x000000000000542c      0x238 Src/commands.o
 .debug_frame   0x0000000000005664      0x244 Src/config.o
 .debug_frame   0x00000000000058a8      0x284 Src/main.o
 .debug_frame   0x0000000000005b2c      0x12c Src/stm32g4xx_hal_msp.o
 .debug_frame   0x0000000000005c58      0x1b4 Src/stm32g4xx_it.o
 .debug_frame   0x0000000000005e0c       0x58 Src/system_stm32g4xx.o
 .debug_frame   0x0000000000005e64      0x114 Src/transfer_functions.o
 .debug_frame   0x0000000000005f78       0x2c c:/st/stm32cubeide_1.0.2/stm32cubeide/plugins/com.st.stm32cube.ide.mcu.externaltools.gnu-tools-for-stm32.7-2018-q2-update.win32_1.0.0.201904181610/tools/bin/../lib/gcc/arm-none-eabi/7.3.1/../../../../arm-none-eabi/lib/thumb/v7e-m/fpv4-sp/hard\libc_nano.a(lib_a-init.o)
 .debug_frame   0x0000000000005fa4       0x20 c:/st/stm32cubeide_1.0.2/stm32cubeide/plugins/com.st.stm32cube.ide.mcu.externaltools.gnu-tools-for-stm32.7-2018-q2-update.win32_1.0.0.201904181610/tools/bin/../lib/gcc/arm-none-eabi/7.3.1/../../../../arm-none-eabi/lib/thumb/v7e-m/fpv4-sp/hard\libc_nano.a(lib_a-memset.o)
