commands.c:12:6:Acknowledge	56	static
commands.c:56:6:Save_Config	8	static
commands.c:65:6:Diagnose_Can	8	static
commands.c:70:6:Switch_Driver	16	static
commands.c:81:6:Clear_Error	8	static
commands.c:88:6:Config_Measurements	16	static
commands.c:102:6:Config_Rolling_Averages	24	static
commands.c:117:6:Config_Transfer_Functions	24	static
commands.c:132:6:Config_Sensor_Bytes	24	static
commands.c:147:6:Config_Analog_ID	24	static
commands.c:163:6:Config_Diagnostics_ID	24	static
commands.c:179:6:Config_Send_Period	16	static
commands.c:186:6:Config_Sync_Delay	16	static
