config.c:5:6:Config_Setup	8	static
config.c:69:6:Config_0	4	static
config.c:98:6:Config_1	4	static
config.c:127:6:Config_9	4	static
config.c:156:6:Config_10	4	static
config.c:185:6:Config_11	4	static
config.c:214:6:Config_12	4	static
config.c:243:6:Config_13	4	static
config.c:272:6:Config_14	4	static
config.c:301:6:Config_15	4	static
config.c:330:6:Config_16	4	static
config.c:359:6:Config_17	4	static
config.c:388:6:Config_18	4	static
config.c:418:6:Config_Write_Flash	2056	static
config.c:442:6:Config_Read_Flash	4	static
config.c:472:6:Flash_Write	64	static,ignoring_inline_asm
config.c:525:10:Flash_Read	16	static
