config.c:5:6:Config_Setup	8	static
config.c:29:6:Config_0	4	static
config.c:56:6:Config_1	4	static
config.c:83:6:Config_9	4	static
config.c:88:6:Config_10	4	static
config.c:93:6:Config_11	4	static
config.c:98:6:Config_12	4	static
config.c:103:6:Config_13	4	static
config.c:108:6:Config_14	4	static
config.c:113:6:Config_15	4	static
config.c:118:6:Config_16	4	static
config.c:123:6:Config_17	4	static
config.c:128:6:Config_18	4	static
config.c:134:6:Config_Write_Flash	2056	static
config.c:156:6:Config_Read_Flash	4	static
config.c:184:6:Flash_Write	64	static,ignoring_inline_asm
config.c:237:10:Flash_Read	16	static
