main.c:66:5:main	8	static
main.c:108:6:HAL_FDCAN_RxFifo0Callback	72	static
main.c:148:6:HAL_TIM_PeriodElapsedCallback	16	static
main.c:169:6:HAL_ADC_ConvCpltCallback	16	static
main.c:248:6:Can_Send_Analog	88	static
main.c:324:6:Can_Send_Diagnostics	64	static
main.c:385:6:Set_Error	16	static
main.c:391:6:Send_Error	48	static
main.c:436:6:SystemClock_Config	152	static
main.c:477:13:MX_GPIO_Init	40	static
main.c:494:13:MX_DMA_Init	16	static
main.c:505:13:MX_ADC1_Init	56	static
main.c:575:13:MX_ADC2_Init	40	static
main.c:635:13:MX_FDCAN_Init	40	static
main.c:709:13:MX_TIM6_Init	8	static
main.c:724:13:MX_TIM7_Init	8	static
main.c:739:13:MX_TIM16_Init	8	static
main.c:754:6:Error_Handler	8	static
