main.c:69:5:main	8	static
main.c:109:6:HAL_FDCAN_RxFifo0Callback	72	static
main.c:217:6:HAL_TIM_PeriodElapsedCallback	16	static
main.c:243:6:HAL_ADC_ConvCpltCallback	32	static
main.c:351:6:Can_Send_Analog	88	static
main.c:427:6:Can_Send_Diagnostics	80	static
main.c:501:6:Set_Error	16	static
main.c:507:6:Send_Error	48	static
main.c:552:6:SystemClock_Config	152	static
main.c:593:13:MX_GPIO_Init	40	static
main.c:610:13:MX_DMA_Init	16	static
main.c:621:13:MX_ADC1_Init	56	static
main.c:691:13:MX_ADC2_Init	40	static
main.c:751:13:MX_FDCAN_Init	40	static
main.c:825:13:MX_TIM6_Init	8	static
main.c:840:13:MX_TIM7_Init	8	static
main.c:855:13:MX_TIM16_Init	8	static
main.c:870:6:Error_Handler	8	static
