stm32g4xx_it.c:9:6:FDCAN1_IT0_IRQHandler	8	static
stm32g4xx_it.c:14:6:TIM7_IRQHandler	8	static
stm32g4xx_it.c:20:6:NMI_Handler	4	static
stm32g4xx_it.c:25:6:HardFault_Handler	4	static
stm32g4xx_it.c:33:6:MemManage_Handler	4	static
stm32g4xx_it.c:41:6:BusFault_Handler	4	static
stm32g4xx_it.c:49:6:UsageFault_Handler	4	static
stm32g4xx_it.c:57:6:SVC_Handler	4	static
stm32g4xx_it.c:62:6:DebugMon_Handler	4	static
stm32g4xx_it.c:67:6:PendSV_Handler	4	static
stm32g4xx_it.c:72:6:SysTick_Handler	8	static
