stm32g4xx_it.c:11:6:DMA1_Channel1_IRQHandler	8	static
stm32g4xx_it.c:16:6:DMA1_Channel2_IRQHandler	8	static
stm32g4xx_it.c:21:6:FDCAN1_IT0_IRQHandler	8	static
stm32g4xx_it.c:26:6:TIM7_IRQHandler	8	static
stm32g4xx_it.c:32:6:NMI_Handler	4	static
stm32g4xx_it.c:37:6:HardFault_Handler	4	static
stm32g4xx_it.c:45:6:MemManage_Handler	4	static
stm32g4xx_it.c:53:6:BusFault_Handler	4	static
stm32g4xx_it.c:61:6:UsageFault_Handler	4	static
stm32g4xx_it.c:69:6:SVC_Handler	4	static
stm32g4xx_it.c:74:6:DebugMon_Handler	4	static
stm32g4xx_it.c:79:6:PendSV_Handler	4	static
stm32g4xx_it.c:84:6:SysTick_Handler	8	static
